Sep  1 01:53:05 zenti dhclient[1961]: DHCPREQUEST for 192.168.68.111 on eth0 to 192.168.68.1 port 67 (xid=0x235a4ca9)
Sep  1 01:53:19 zenti dhclient[1961]: DHCPREQUEST for 192.168.68.111 on eth0 to 192.168.68.1 port 67 (xid=0x235a4ca9)
Sep  1 01:54:06 zenti dhclient[1961]: message repeated 4 times: [ DHCPREQUEST for 192.168.68.111 on eth0 to 192.168.68.1 port 67 (xid=0x235a4ca9)]
Sep  1 01:54:14 zenti dhclient[1961]: DHCPREQUEST for 192.168.68.111 on eth0 to 192.168.68.1 port 67 (xid=0x235a4ca9)
Sep  1 01:54:57 zenti dhclient[1961]: message repeated 3 times: [ DHCPREQUEST for 192.168.68.111 on eth0 to 192.168.68.1 port 67 (xid=0x235a4ca9)]
Sep  1 01:55:12 zenti dhclient[1961]: DHCPREQUEST for 192.168.68.111 on eth0 to 192.168.68.1 port 67 (xid=0x235a4ca9)
Sep  1 01:56:06 zenti dhclient[1961]: message repeated 4 times: [ DHCPREQUEST for 192.168.68.111 on eth0 to 192.168.68.1 port 67 (xid=0x235a4ca9)]
Sep  1 01:56:20 zenti dhclient[1961]: DHCPREQUEST for 192.168.68.111 on eth0 to 192.168.68.1 port 67 (xid=0x235a4ca9)
Sep  1 01:57:04 zenti dhclient[1961]: message repeated 3 times: [ DHCPREQUEST for 192.168.68.111 on eth0 to 192.168.68.1 port 67 (xid=0x235a4ca9)]
Sep  1 01:57:21 zenti dhclient[1961]: DHCPREQUEST for 192.168.68.111 on eth0 to 192.168.68.1 port 67 (xid=0x235a4ca9)
Sep  1 01:57:26 zenti samba[3987]: [2024/09/01 01:57:26.721775,  0] ../../lib/util/util_runcmd.c:355(samba_runcmd_io_handler)
Sep  1 01:57:26 zenti samba[3987]:   /usr/sbin/samba_dnsupdate: ldb_wrap open of secrets.ldb
Sep  1 01:57:35 zenti dhclient[1961]: DHCPREQUEST for 192.168.68.111 on eth0 to 192.168.68.1 port 67 (xid=0x235a4ca9)
Sep  1 01:57:43 zenti dhclient[1961]: DHCPREQUEST for 192.168.68.111 on eth0 to 192.168.68.1 port 67 (xid=0x235a4ca9)
Sep  1 01:57:46 zenti samba[3987]: [2024/09/01 01:57:46.237060,  0] ../../source4/dsdb/dns/dns_update.c:85(dnsupdate_nameupdate_done)
Sep  1 01:57:46 zenti samba[3987]:   dnsupdate_nameupdate_done: Failed DNS update with exit code 110
Sep  1 01:57:52 zenti dhclient[1961]: DHCPREQUEST for 192.168.68.111 on eth0 to 192.168.68.1 port 67 (xid=0x235a4ca9)
Sep  1 01:58:04 zenti dhclient[1961]: DHCPREQUEST for 192.168.68.111 on eth0 to 192.168.68.1 port 67 (xid=0x235a4ca9)
Sep  1 01:58:23 zenti dhclient[1961]: DHCPREQUEST for 192.168.68.111 on eth0 to 192.168.68.1 port 67 (xid=0x235a4ca9)
Sep  1 02:03:06 zenti dhclient[1961]: message repeated 20 times: [ DHCPREQUEST for 192.168.68.111 on eth0 to 192.168.68.1 port 67 (xid=0x235a4ca9)]
Sep  1 02:03:13 zenti dhclient[1961]: DHCPREQUEST for 192.168.68.111 on eth0 to 192.168.68.1 port 67 (xid=0x235a4ca9)
Sep  1 02:03:23 zenti dhclient[1961]: DHCPREQUEST for 192.168.68.111 on eth0 to 192.168.68.1 port 67 (xid=0x235a4ca9)
Sep  1 02:04:16 zenti dhclient[1961]: message repeated 4 times: [ DHCPREQUEST for 192.168.68.111 on eth0 to 192.168.68.1 port 67 (xid=0x235a4ca9)]
Sep  1 02:04:25 zenti dhclient[1961]: DHCPREQUEST for 192.168.68.111 on eth0 to 192.168.68.1 port 67 (xid=0x235a4ca9)
Sep  1 02:04:38 zenti dhclient[1961]: DHCPREQUEST for 192.168.68.111 on eth0 to 192.168.68.1 port 67 (xid=0x235a4ca9)
Sep  1 02:07:21 zenti dhclient[1961]: message repeated 11 times: [ DHCPREQUEST for 192.168.68.111 on eth0 to 192.168.68.1 port 67 (xid=0x235a4ca9)]
Sep  1 02:07:26 zenti samba[3987]: [2024/09/01 02:07:26.760313,  0] ../../lib/util/util_runcmd.c:355(samba_runcmd_io_handler)
Sep  1 02:07:26 zenti samba[3987]:   /usr/sbin/samba_dnsupdate: ldb_wrap open of secrets.ldb
Sep  1 02:07:34 zenti dhclient[1961]: DHCPREQUEST for 192.168.68.111 on eth0 to 192.168.68.1 port 67 (xid=0x235a4ca9)
Sep  1 02:07:46 zenti samba[3987]: [2024/09/01 02:07:46.350904,  0] ../../source4/dsdb/dns/dns_update.c:85(dnsupdate_nameupdate_done)
Sep  1 02:07:46 zenti samba[3987]:   dnsupdate_nameupdate_done: Failed DNS update with exit code 110
Sep  1 02:07:51 zenti dhclient[1961]: DHCPREQUEST for 192.168.68.111 on eth0 to 192.168.68.1 port 67 (xid=0x235a4ca9)
Sep  1 02:16:48 zenti dhclient[1961]: message repeated 40 times: [ DHCPREQUEST for 192.168.68.111 on eth0 to 192.168.68.1 port 67 (xid=0x235a4ca9)]
Sep  1 02:17:01 zenti CRON[35495]: (root) CMD (   cd / && run-parts --report /etc/cron.hourly)
Sep  1 02:17:05 zenti dhclient[1961]: DHCPREQUEST for 192.168.68.111 on eth0 to 192.168.68.1 port 67 (xid=0x235a4ca9)
Sep  1 02:17:25 zenti dhclient[1961]: DHCPREQUEST for 192.168.68.111 on eth0 to 192.168.68.1 port 67 (xid=0x235a4ca9)
Sep  1 02:17:26 zenti samba[3987]: [2024/09/01 02:17:26.902509,  0] ../../lib/util/util_runcmd.c:355(samba_runcmd_io_handler)
Sep  1 02:17:26 zenti samba[3987]:   /usr/sbin/samba_dnsupdate: ldb_wrap open of secrets.ldb
Sep  1 02:17:33 zenti dhclient[1961]: DHCPREQUEST for 192.168.68.111 on eth0 to 192.168.68.1 port 67 (xid=0x235a4ca9)
Sep  1 02:17:43 zenti dhclient[1961]: DHCPREQUEST for 192.168.68.111 on eth0 to 192.168.68.1 port 67 (xid=0x235a4ca9)
Sep  1 02:17:46 zenti samba[3987]: [2024/09/01 02:17:46.464071,  0] ../../source4/dsdb/dns/dns_update.c:85(dnsupdate_nameupdate_done)
Sep  1 02:17:46 zenti samba[3987]:   dnsupdate_nameupdate_done: Failed DNS update with exit code 110
Sep  1 02:17:59 zenti dhclient[1961]: DHCPREQUEST for 192.168.68.111 on eth0 to 192.168.68.1 port 67 (xid=0x235a4ca9)
Sep  1 02:27:14 zenti dhclient[1961]: message repeated 42 times: [ DHCPREQUEST for 192.168.68.111 on eth0 to 192.168.68.1 port 67 (xid=0x235a4ca9)]
Sep  1 02:27:26 zenti samba[3987]: [2024/09/01 02:27:26.995310,  0] ../../lib/util/util_runcmd.c:355(samba_runcmd_io_handler)
Sep  1 02:27:26 zenti samba[3987]:   /usr/sbin/samba_dnsupdate: ldb_wrap open of secrets.ldb
Sep  1 02:27:27 zenti dhclient[1961]: DHCPREQUEST for 192.168.68.111 on eth0 to 192.168.68.1 port 67 (xid=0x235a4ca9)
Sep  1 02:27:46 zenti dhclient[1961]: DHCPREQUEST for 192.168.68.111 on eth0 to 192.168.68.1 port 67 (xid=0x235a4ca9)
Sep  1 02:27:46 zenti samba[3987]: [2024/09/01 02:27:46.517976,  0] ../../source4/dsdb/dns/dns_update.c:85(dnsupdate_nameupdate_done)
Sep  1 02:27:46 zenti samba[3987]:   dnsupdate_nameupdate_done: Failed DNS update with exit code 110
Sep  1 02:28:05 zenti dhclient[1961]: DHCPREQUEST for 192.168.68.111 on eth0 to 192.168.68.1 port 67 (xid=0x235a4ca9)
Sep  1 02:33:43 zenti dhclient[1961]: message repeated 23 times: [ DHCPREQUEST for 192.168.68.111 on eth0 to 192.168.68.1 port 67 (xid=0x235a4ca9)]
Sep  1 02:33:56 zenti dhclient[1961]: DHCPREQUEST for 192.168.68.111 on eth0 to 192.168.68.1 port 67 (xid=0x235a4ca9)
Sep  1 02:34:08 zenti dhclient[1961]: DHCPREQUEST for 192.168.68.111 on eth0 to 192.168.68.1 port 67 (xid=0x235a4ca9)
Sep  1 02:34:19 zenti dhclient[1961]: DHCPREQUEST for 192.168.68.111 on eth0 to 192.168.68.1 port 67 (xid=0x235a4ca9)
Sep  1 02:34:31 zenti dhclient[1961]: DHCPREQUEST for 192.168.68.111 on eth0 to 192.168.68.1 port 67 (xid=0x235a4ca9)
Sep  1 02:34:52 zenti dhclient[1961]: DHCPREQUEST for 192.168.68.111 on eth0 to 192.168.68.1 port 67 (xid=0x235a4ca9)
Sep  1 02:35:04 zenti dhclient[1961]: DHCPREQUEST for 192.168.68.111 on eth0 to 192.168.68.1 port 67 (xid=0x235a4ca9)
Sep  1 02:35:24 zenti dhclient[1961]: DHCPREQUEST for 192.168.68.111 on eth0 to 192.168.68.1 port 67 (xid=0x235a4ca9)
Sep  1 02:36:27 zenti dhclient[1961]: message repeated 4 times: [ DHCPREQUEST for 192.168.68.111 on eth0 to 192.168.68.1 port 67 (xid=0x235a4ca9)]
Sep  1 02:36:41 zenti dhclient[1961]: DHCPREQUEST for 192.168.68.111 on eth0 to 192.168.68.1 port 67 (xid=0x235a4ca9)
Sep  1 02:37:01 zenti dhclient[1961]: message repeated 2 times: [ DHCPREQUEST for 192.168.68.111 on eth0 to 192.168.68.1 port 67 (xid=0x235a4ca9)]
Sep  1 02:37:12 zenti dhclient[1961]: DHCPREQUEST for 192.168.68.111 on eth0 to 255.255.255.255 port 67 (xid=0x235a4ca9)
Sep  1 02:37:12 zenti dhclient[1961]: DHCPACK of 192.168.68.111 from 192.168.68.1 (xid=0xa94c5a23)
Sep  1 02:37:12 zenti dhclient[1961]: bound to 192.168.68.111 -- renewal in 2983 seconds.
Sep  1 02:37:27 zenti samba[3987]: [2024/09/01 02:37:27.155348,  0] ../../lib/util/util_runcmd.c:355(samba_runcmd_io_handler)
Sep  1 02:37:27 zenti samba[3987]:   /usr/sbin/samba_dnsupdate: ldb_wrap open of secrets.ldb
Sep  1 02:37:46 zenti samba[3987]: [2024/09/01 02:37:46.636796,  0] ../../source4/dsdb/dns/dns_update.c:85(dnsupdate_nameupdate_done)
Sep  1 02:37:46 zenti samba[3987]:   dnsupdate_nameupdate_done: Failed DNS update with exit code 110
Sep  1 02:37:49 zenti systemd[1]: Starting Daily man-db regeneration...
Sep  1 02:37:49 zenti systemd[1]: man-db.service: Deactivated successfully.
Sep  1 02:37:49 zenti systemd[1]: Finished Daily man-db regeneration.
Sep  1 02:47:27 zenti samba[3987]: [2024/09/01 02:47:27.244311,  0] ../../lib/util/util_runcmd.c:355(samba_runcmd_io_handler)
Sep  1 02:47:27 zenti samba[3987]:   /usr/sbin/samba_dnsupdate: ldb_wrap open of secrets.ldb
Sep  1 02:47:46 zenti samba[3987]: [2024/09/01 02:47:46.766134,  0] ../../source4/dsdb/dns/dns_update.c:85(dnsupdate_nameupdate_done)
Sep  1 02:47:46 zenti samba[3987]:   dnsupdate_nameupdate_done: Failed DNS update with exit code 110
Sep  1 02:57:27 zenti samba[3987]: [2024/09/01 02:57:27.310625,  0] ../../lib/util/util_runcmd.c:355(samba_runcmd_io_handler)
Sep  1 02:57:27 zenti samba[3987]:   /usr/sbin/samba_dnsupdate: ldb_wrap open of secrets.ldb
Sep  1 02:57:46 zenti samba[3987]: [2024/09/01 02:57:46.863636,  0] ../../source4/dsdb/dns/dns_update.c:85(dnsupdate_nameupdate_done)
Sep  1 02:57:46 zenti samba[3987]:   dnsupdate_nameupdate_done: Failed DNS update with exit code 110
Sep  1 03:07:27 zenti samba[3987]: [2024/09/01 03:07:27.397192,  0] ../../lib/util/util_runcmd.c:355(samba_runcmd_io_handler)
Sep  1 03:07:27 zenti samba[3987]:   /usr/sbin/samba_dnsupdate: ldb_wrap open of secrets.ldb
Sep  1 03:07:46 zenti samba[3987]: [2024/09/01 03:07:46.958229,  0] ../../source4/dsdb/dns/dns_update.c:85(dnsupdate_nameupdate_done)
Sep  1 03:07:46 zenti samba[3987]:   dnsupdate_nameupdate_done: Failed DNS update with exit code 110
Sep  1 03:10:01 zenti CRON[48355]: (root) CMD (test -e /run/systemd/system || SERVICE_MODE=1 /sbin/e2scrub_all -A -r)
Sep  1 03:10:49 zenti systemd[1]: Starting Online ext4 Metadata Check for All Filesystems...
Sep  1 03:10:49 zenti systemd[1]: e2scrub_all.service: Deactivated successfully.
Sep  1 03:10:49 zenti systemd[1]: Finished Online ext4 Metadata Check for All Filesystems.
Sep  1 03:17:01 zenti CRON[50884]: (root) CMD (   cd / && run-parts --report /etc/cron.hourly)
Sep  1 03:17:27 zenti samba[3987]: [2024/09/01 03:17:27.518042,  0] ../../lib/util/util_runcmd.c:355(samba_runcmd_io_handler)
Sep  1 03:17:27 zenti samba[3987]:   /usr/sbin/samba_dnsupdate: ldb_wrap open of secrets.ldb
Sep  1 03:17:47 zenti samba[3987]: [2024/09/01 03:17:47.082288,  0] ../../source4/dsdb/dns/dns_update.c:85(dnsupdate_nameupdate_done)
Sep  1 03:17:47 zenti samba[3987]:   dnsupdate_nameupdate_done: Failed DNS update with exit code 110
Sep  1 03:26:55 zenti dhclient[1961]: DHCPREQUEST for 192.168.68.111 on eth0 to 192.168.68.1 port 67 (xid=0x235a4ca9)
Sep  1 03:27:21 zenti dhclient[1961]: message repeated 3 times: [ DHCPREQUEST for 192.168.68.111 on eth0 to 192.168.68.1 port 67 (xid=0x235a4ca9)]
Sep  1 03:27:27 zenti samba[3987]: [2024/09/01 03:27:27.595137,  0] ../../lib/util/util_runcmd.c:355(samba_runcmd_io_handler)
Sep  1 03:27:27 zenti samba[3987]:   /usr/sbin/samba_dnsupdate: ldb_wrap open of secrets.ldb
Sep  1 03:27:28 zenti dhclient[1961]: DHCPREQUEST for 192.168.68.111 on eth0 to 192.168.68.1 port 67 (xid=0x235a4ca9)
Sep  1 03:27:41 zenti dhclient[1961]: DHCPREQUEST for 192.168.68.111 on eth0 to 192.168.68.1 port 67 (xid=0x235a4ca9)
Sep  1 03:27:47 zenti samba[3987]: [2024/09/01 03:27:47.154174,  0] ../../source4/dsdb/dns/dns_update.c:85(dnsupdate_nameupdate_done)
Sep  1 03:27:47 zenti samba[3987]:   dnsupdate_nameupdate_done: Failed DNS update with exit code 110
Sep  1 03:27:56 zenti dhclient[1961]: DHCPREQUEST for 192.168.68.111 on eth0 to 192.168.68.1 port 67 (xid=0x235a4ca9)
Sep  1 03:29:54 zenti dhclient[1961]: message repeated 8 times: [ DHCPREQUEST for 192.168.68.111 on eth0 to 192.168.68.1 port 67 (xid=0x235a4ca9)]
Sep  1 03:30:01 zenti CRON[55607]: (root) CMD (test -e /run/systemd/system || SERVICE_MODE=1 /usr/lib/x86_64-linux-gnu/e2fsprogs/e2scrub_all_cron)
Sep  1 03:30:13 zenti dhclient[1961]: DHCPREQUEST for 192.168.68.111 on eth0 to 192.168.68.1 port 67 (xid=0x235a4ca9)
Sep  1 03:37:17 zenti dhclient[1961]: message repeated 29 times: [ DHCPREQUEST for 192.168.68.111 on eth0 to 192.168.68.1 port 67 (xid=0x235a4ca9)]
Sep  1 03:37:27 zenti samba[3987]: [2024/09/01 03:37:27.704980,  0] ../../lib/util/util_runcmd.c:355(samba_runcmd_io_handler)
Sep  1 03:37:27 zenti samba[3987]:   /usr/sbin/samba_dnsupdate: ldb_wrap open of secrets.ldb
Sep  1 03:37:36 zenti dhclient[1961]: DHCPREQUEST for 192.168.68.111 on eth0 to 192.168.68.1 port 67 (xid=0x235a4ca9)
Sep  1 03:37:47 zenti samba[3987]: [2024/09/01 03:37:47.259337,  0] ../../source4/dsdb/dns/dns_update.c:85(dnsupdate_nameupdate_done)
Sep  1 03:37:47 zenti samba[3987]:   dnsupdate_nameupdate_done: Failed DNS update with exit code 110
Sep  1 03:37:48 zenti dhclient[1961]: DHCPREQUEST for 192.168.68.111 on eth0 to 192.168.68.1 port 67 (xid=0x235a4ca9)
Sep  1 03:47:11 zenti dhclient[1961]: message repeated 41 times: [ DHCPREQUEST for 192.168.68.111 on eth0 to 192.168.68.1 port 67 (xid=0x235a4ca9)]
Sep  1 03:47:27 zenti samba[3987]: [2024/09/01 03:47:27.807314,  0] ../../lib/util/util_runcmd.c:355(samba_runcmd_io_handler)
Sep  1 03:47:27 zenti samba[3987]:   /usr/sbin/samba_dnsupdate: ldb_wrap open of secrets.ldb
Sep  1 03:47:28 zenti dhclient[1961]: DHCPREQUEST for 192.168.68.111 on eth0 to 192.168.68.1 port 67 (xid=0x235a4ca9)
Sep  1 03:47:47 zenti samba[3987]: [2024/09/01 03:47:47.361972,  0] ../../source4/dsdb/dns/dns_update.c:85(dnsupdate_nameupdate_done)
Sep  1 03:47:47 zenti samba[3987]:   dnsupdate_nameupdate_done: Failed DNS update with exit code 110
Sep  1 03:47:48 zenti dhclient[1961]: DHCPREQUEST for 192.168.68.111 on eth0 to 192.168.68.1 port 67 (xid=0x235a4ca9)
Sep  1 03:57:20 zenti dhclient[1961]: message repeated 39 times: [ DHCPREQUEST for 192.168.68.111 on eth0 to 192.168.68.1 port 67 (xid=0x235a4ca9)]
Sep  1 03:57:27 zenti samba[3987]: [2024/09/01 03:57:27.934126,  0] ../../lib/util/util_runcmd.c:355(samba_runcmd_io_handler)
Sep  1 03:57:27 zenti samba[3987]:   /usr/sbin/samba_dnsupdate: ldb_wrap open of secrets.ldb
Sep  1 03:57:31 zenti dhclient[1961]: DHCPREQUEST for 192.168.68.111 on eth0 to 192.168.68.1 port 67 (xid=0x235a4ca9)
Sep  1 03:57:45 zenti dhclient[1961]: DHCPREQUEST for 192.168.68.111 on eth0 to 192.168.68.1 port 67 (xid=0x235a4ca9)
Sep  1 03:57:47 zenti samba[3987]: [2024/09/01 03:57:47.472289,  0] ../../source4/dsdb/dns/dns_update.c:85(dnsupdate_nameupdate_done)
Sep  1 03:57:47 zenti samba[3987]:   dnsupdate_nameupdate_done: Failed DNS update with exit code 110
Sep  1 03:58:00 zenti dhclient[1961]: DHCPREQUEST for 192.168.68.111 on eth0 to 192.168.68.1 port 67 (xid=0x235a4ca9)
Sep  1 04:07:13 zenti dhclient[1961]: message repeated 40 times: [ DHCPREQUEST for 192.168.68.111 on eth0 to 192.168.68.1 port 67 (xid=0x235a4ca9)]
Sep  1 04:07:28 zenti samba[3987]: [2024/09/01 04:07:28.088324,  0] ../../lib/util/util_runcmd.c:355(samba_runcmd_io_handler)
Sep  1 04:07:28 zenti samba[3987]:   /usr/sbin/samba_dnsupdate: ldb_wrap open of secrets.ldb
Sep  1 04:07:31 zenti dhclient[1961]: DHCPREQUEST for 192.168.68.111 on eth0 to 192.168.68.1 port 67 (xid=0x235a4ca9)
Sep  1 04:07:42 zenti dhclient[1961]: DHCPREQUEST for 192.168.68.111 on eth0 to 192.168.68.1 port 67 (xid=0x235a4ca9)
Sep  1 04:07:47 zenti samba[3987]: [2024/09/01 04:07:47.580819,  0] ../../source4/dsdb/dns/dns_update.c:85(dnsupdate_nameupdate_done)
Sep  1 04:07:47 zenti samba[3987]:   dnsupdate_nameupdate_done: Failed DNS update with exit code 110
Sep  1 04:07:53 zenti dhclient[1961]: DHCPREQUEST for 192.168.68.111 on eth0 to 192.168.68.1 port 67 (xid=0x235a4ca9)
Sep  1 04:17:00 zenti dhclient[1961]: message repeated 37 times: [ DHCPREQUEST for 192.168.68.111 on eth0 to 192.168.68.1 port 67 (xid=0x235a4ca9)]
Sep  1 04:17:01 zenti CRON[72676]: (root) CMD (   cd / && run-parts --report /etc/cron.hourly)
Sep  1 04:17:08 zenti dhclient[1961]: DHCPREQUEST for 192.168.68.111 on eth0 to 192.168.68.1 port 67 (xid=0x235a4ca9)
Sep  1 04:17:28 zenti samba[3987]: [2024/09/01 04:17:28.125447,  0] ../../lib/util/util_runcmd.c:355(samba_runcmd_io_handler)
Sep  1 04:17:28 zenti samba[3987]:   /usr/sbin/samba_dnsupdate: ldb_wrap open of secrets.ldb
Sep  1 04:17:28 zenti dhclient[1961]: DHCPREQUEST for 192.168.68.111 on eth0 to 192.168.68.1 port 67 (xid=0x235a4ca9)
Sep  1 04:17:43 zenti dhclient[1961]: DHCPREQUEST for 192.168.68.111 on eth0 to 192.168.68.1 port 67 (xid=0x235a4ca9)
Sep  1 04:17:47 zenti samba[3987]: [2024/09/01 04:17:47.683134,  0] ../../source4/dsdb/dns/dns_update.c:85(dnsupdate_nameupdate_done)
Sep  1 04:17:47 zenti samba[3987]:   dnsupdate_nameupdate_done: Failed DNS update with exit code 110
Sep  1 04:17:53 zenti dhclient[1961]: DHCPREQUEST for 192.168.68.111 on eth0 to 192.168.68.1 port 67 (xid=0x235a4ca9)
Sep  1 04:18:13 zenti dhclient[1961]: DHCPREQUEST for 192.168.68.111 on eth0 to 192.168.68.1 port 67 (xid=0x235a4ca9)
Sep  1 04:20:14 zenti dhclient[1961]: message repeated 10 times: [ DHCPREQUEST for 192.168.68.111 on eth0 to 192.168.68.1 port 67 (xid=0x235a4ca9)]
Sep  1 04:20:32 zenti dhclient[1961]: DHCPREQUEST for 192.168.68.111 on eth0 to 192.168.68.1 port 67 (xid=0x235a4ca9)
Sep  1 04:20:55 zenti dhclient[1961]: message repeated 2 times: [ DHCPREQUEST for 192.168.68.111 on eth0 to 192.168.68.1 port 67 (xid=0x235a4ca9)]
Sep  1 04:21:05 zenti dhclient[1961]: DHCPREQUEST for 192.168.68.111 on eth0 to 192.168.68.1 port 67 (xid=0x235a4ca9)
Sep  1 04:21:19 zenti dhclient[1961]: DHCPREQUEST for 192.168.68.111 on eth0 to 192.168.68.1 port 67 (xid=0x235a4ca9)
Sep  1 04:21:27 zenti dhclient[1961]: DHCPREQUEST for 192.168.68.111 on eth0 to 192.168.68.1 port 67 (xid=0x235a4ca9)
Sep  1 04:21:47 zenti dhclient[1961]: DHCPREQUEST for 192.168.68.111 on eth0 to 192.168.68.1 port 67 (xid=0x235a4ca9)
Sep  1 04:22:05 zenti dhclient[1961]: DHCPREQUEST for 192.168.68.111 on eth0 to 192.168.68.1 port 67 (xid=0x235a4ca9)
Sep  1 04:22:25 zenti dhclient[1961]: DHCPREQUEST for 192.168.68.111 on eth0 to 255.255.255.255 port 67 (xid=0x235a4ca9)
Sep  1 04:22:25 zenti dhclient[1961]: DHCPACK of 192.168.68.111 from 192.168.68.1 (xid=0xa94c5a23)
Sep  1 04:22:25 zenti dhclient[1961]: bound to 192.168.68.111 -- renewal in 3583 seconds.
Sep  1 04:27:28 zenti samba[3987]: [2024/09/01 04:27:28.268384,  0] ../../lib/util/util_runcmd.c:355(samba_runcmd_io_handler)
Sep  1 04:27:28 zenti samba[3987]:   /usr/sbin/samba_dnsupdate: ldb_wrap open of secrets.ldb
Sep  1 04:27:47 zenti samba[3987]: [2024/09/01 04:27:47.723399,  0] ../../source4/dsdb/dns/dns_update.c:85(dnsupdate_nameupdate_done)
Sep  1 04:27:47 zenti samba[3987]:   dnsupdate_nameupdate_done: Failed DNS update with exit code 110
Sep  1 04:37:28 zenti samba[3987]: [2024/09/01 04:37:28.260151,  0] ../../lib/util/util_runcmd.c:355(samba_runcmd_io_handler)
Sep  1 04:37:28 zenti samba[3987]:   /usr/sbin/samba_dnsupdate: ldb_wrap open of secrets.ldb
Sep  1 04:37:47 zenti samba[3987]: [2024/09/01 04:37:47.798209,  0] ../../source4/dsdb/dns/dns_update.c:85(dnsupdate_nameupdate_done)
Sep  1 04:37:47 zenti samba[3987]:   dnsupdate_nameupdate_done: Failed DNS update with exit code 110
Sep  1 04:47:28 zenti samba[3987]: [2024/09/01 04:47:28.370614,  0] ../../lib/util/util_runcmd.c:355(samba_runcmd_io_handler)
Sep  1 04:47:28 zenti samba[3987]:   /usr/sbin/samba_dnsupdate: ldb_wrap open of secrets.ldb
Sep  1 04:47:47 zenti samba[3987]: [2024/09/01 04:47:47.891846,  0] ../../source4/dsdb/dns/dns_update.c:85(dnsupdate_nameupdate_done)
Sep  1 04:47:47 zenti samba[3987]:   dnsupdate_nameupdate_done: Failed DNS update with exit code 110
Sep  1 04:57:28 zenti samba[3987]: [2024/09/01 04:57:28.462739,  0] ../../lib/util/util_runcmd.c:355(samba_runcmd_io_handler)
Sep  1 04:57:28 zenti samba[3987]:   /usr/sbin/samba_dnsupdate: ldb_wrap open of secrets.ldb
Sep  1 04:57:48 zenti samba[3987]: [2024/09/01 04:57:48.024184,  0] ../../source4/dsdb/dns/dns_update.c:85(dnsupdate_nameupdate_done)
Sep  1 04:57:48 zenti samba[3987]:   dnsupdate_nameupdate_done: Failed DNS update with exit code 110
Sep  1 05:07:28 zenti samba[3987]: [2024/09/01 05:07:28.550951,  0] ../../lib/util/util_runcmd.c:355(samba_runcmd_io_handler)
Sep  1 05:07:28 zenti samba[3987]:   /usr/sbin/samba_dnsupdate: ldb_wrap open of secrets.ldb
Sep  1 05:07:48 zenti samba[3987]: [2024/09/01 05:07:48.096553,  0] ../../source4/dsdb/dns/dns_update.c:85(dnsupdate_nameupdate_done)
Sep  1 05:07:48 zenti samba[3987]:   dnsupdate_nameupdate_done: Failed DNS update with exit code 110
Sep  1 05:17:01 zenti CRON[91435]: (root) CMD (   cd / && run-parts --report /etc/cron.hourly)
Sep  1 05:17:28 zenti samba[3987]: [2024/09/01 05:17:28.747038,  0] ../../lib/util/util_runcmd.c:355(samba_runcmd_io_handler)
Sep  1 05:17:28 zenti samba[3987]:   /usr/sbin/samba_dnsupdate: ldb_wrap open of secrets.ldb
Sep  1 05:17:48 zenti samba[3987]: [2024/09/01 05:17:48.232615,  0] ../../source4/dsdb/dns/dns_update.c:85(dnsupdate_nameupdate_done)
Sep  1 05:17:48 zenti samba[3987]:   dnsupdate_nameupdate_done: Failed DNS update with exit code 110
Sep  1 05:22:08 zenti dhclient[1961]: DHCPREQUEST for 192.168.68.111 on eth0 to 192.168.68.1 port 67 (xid=0x235a4ca9)
Sep  1 05:27:25 zenti dhclient[1961]: message repeated 26 times: [ DHCPREQUEST for 192.168.68.111 on eth0 to 192.168.68.1 port 67 (xid=0x235a4ca9)]
Sep  1 05:27:28 zenti samba[3987]: [2024/09/01 05:27:28.751676,  0] ../../lib/util/util_runcmd.c:355(samba_runcmd_io_handler)
Sep  1 05:27:28 zenti samba[3987]:   /usr/sbin/samba_dnsupdate: ldb_wrap open of secrets.ldb
Sep  1 05:27:41 zenti dhclient[1961]: DHCPREQUEST for 192.168.68.111 on eth0 to 192.168.68.1 port 67 (xid=0x235a4ca9)
Sep  1 05:27:48 zenti samba[3987]: [2024/09/01 05:27:48.370568,  0] ../../source4/dsdb/dns/dns_update.c:85(dnsupdate_nameupdate_done)
Sep  1 05:27:48 zenti samba[3987]:   dnsupdate_nameupdate_done: Failed DNS update with exit code 110
Sep  1 05:28:01 zenti dhclient[1961]: DHCPREQUEST for 192.168.68.111 on eth0 to 192.168.68.1 port 67 (xid=0x235a4ca9)
Sep  1 05:28:10 zenti dhclient[1961]: DHCPREQUEST for 192.168.68.111 on eth0 to 192.168.68.1 port 67 (xid=0x235a4ca9)
Sep  1 05:28:22 zenti dhclient[1961]: DHCPREQUEST for 192.168.68.111 on eth0 to 192.168.68.1 port 67 (xid=0x235a4ca9)
Sep  1 05:30:00 zenti dhclient[1961]: message repeated 9 times: [ DHCPREQUEST for 192.168.68.111 on eth0 to 192.168.68.1 port 67 (xid=0x235a4ca9)]
Sep  1 05:30:15 zenti dhclient[1961]: DHCPREQUEST for 192.168.68.111 on eth0 to 192.168.68.1 port 67 (xid=0x235a4ca9)
Sep  1 05:33:53 zenti systemd-modules-load[413]: Inserted module 'msr'
Sep  1 05:33:53 zenti lvm[406]:   1 logical volume(s) in volume group "ubuntu-vg" monitored
Sep  1 05:33:53 zenti systemd[1]: Finished Monitoring of LVM2 mirrors, snapshots etc. using dmeventd or progress polling.
Sep  1 05:33:53 zenti systemd[1]: Mounting FUSE Control File System...
Sep  1 05:33:53 zenti systemd[1]: Mounting Kernel Configuration File System...
Sep  1 05:33:53 zenti systemd[1]: Starting Device-Mapper Multipath Device Controller...
Sep  1 05:33:53 zenti systemd[1]: Starting Flush Journal to Persistent Storage...
Sep  1 05:33:53 zenti systemd[1]: Condition check resulted in Platform Persistent Storage Archival being skipped.
Sep  1 05:33:53 zenti systemd[1]: Starting Load/Save Random Seed...
Sep  1 05:33:53 zenti systemd[1]: Starting Apply Kernel Variables...
Sep  1 05:33:53 zenti systemd[1]: Starting Create System Users...
Sep  1 05:33:53 zenti systemd[1]: Mounted FUSE Control File System.
Sep  1 05:33:53 zenti systemd[1]: Mounted Kernel Configuration File System.
Sep  1 05:33:53 zenti multipathd[440]: --------start up--------
Sep  1 05:33:53 zenti multipathd[440]: read /etc/multipath.conf
Sep  1 05:33:53 zenti multipathd[440]: path checkers start up
Sep  1 05:33:53 zenti systemd[1]: Finished Set the console keyboard layout.
Sep  1 05:33:53 zenti systemd[1]: Finished Coldplug All udev Devices.
Sep  1 05:33:53 zenti systemd[1]: Finished Load/Save Random Seed.
Sep  1 05:33:53 zenti systemd[1]: Finished Create System Users.
Sep  1 05:33:53 zenti systemd[1]: Condition check resulted in First Boot Complete being skipped.
Sep  1 05:33:53 zenti systemd[1]: Starting Create Static Device Nodes in /dev...
Sep  1 05:33:53 zenti systemd[1]: Finished Apply Kernel Variables.
Sep  1 05:33:53 zenti systemd[1]: Finished Create Static Device Nodes in /dev.
Sep  1 05:33:53 zenti systemd[1]: Starting Rule-based Manager for Device Events and Files...
Sep  1 05:33:53 zenti systemd[1]: Started Device-Mapper Multipath Device Controller.
Sep  1 05:33:53 zenti systemd[1]: Reached target Preparation for Local File Systems.
Sep  1 05:33:53 zenti systemd[1]: Mounting Mount unit for core20, revision 2105...
Sep  1 05:33:53 zenti systemd[1]: Mounting Mount unit for core20, revision 2318...
Sep  1 05:33:53 zenti systemd[1]: Mounting Mount unit for lxd, revision 28373...
Sep  1 05:33:53 zenti systemd[1]: Mounting Mount unit for lxd, revision 29351...
Sep  1 05:33:53 zenti systemd[1]: Mounting Mount unit for snapd, revision 20671...
Sep  1 05:33:53 zenti systemd[1]: Mounting Mount unit for snapd, revision 21759...
Sep  1 05:33:53 zenti systemd[1]: Condition check resulted in Virtual Machine and Container Storage (Compatibility) being skipped.
Sep  1 05:33:53 zenti systemd[1]: Reached target Containers.
Sep  1 05:33:53 zenti systemd[1]: Mounted Mount unit for core20, revision 2105.
Sep  1 05:33:53 zenti systemd[1]: Mounted Mount unit for core20, revision 2318.
Sep  1 05:33:53 zenti systemd[1]: Mounted Mount unit for lxd, revision 28373.
Sep  1 05:33:53 zenti systemd-udevd[451]: Network interface NamePolicy= disabled on kernel command line, ignoring.
Sep  1 05:33:53 zenti systemd[1]: Mounted Mount unit for lxd, revision 29351.
Sep  1 05:33:53 zenti systemd[1]: Mounted Mount unit for snapd, revision 20671.
Sep  1 05:33:53 zenti systemd[1]: Mounted Mount unit for snapd, revision 21759.
Sep  1 05:33:53 zenti systemd[1]: Reached target Mounted snaps.
Sep  1 05:33:53 zenti systemd[1]: Starting Load AppArmor profiles managed internally by snapd...
Sep  1 05:33:53 zenti systemd[1]: Finished Flush Journal to Persistent Storage.
Sep  1 05:33:53 zenti systemd[1]: proc-sys-fs-binfmt_misc.automount: Got automount request for /proc/sys/fs/binfmt_misc, triggered by 459 (snapd-apparmor)
Sep  1 05:33:53 zenti systemd[1]: Mounting Arbitrary Executable File Formats File System...
Sep  1 05:33:53 zenti systemd[1]: Mounted Arbitrary Executable File Formats File System.
Sep  1 05:33:53 zenti snapd-apparmor[459]: main.go:124: Loading profiles [/var/lib/snapd/apparmor/profiles/snap-confine.snapd.20671 /var/lib/snapd/apparmor/profiles/snap-confine.snapd.21759 /var/lib/snapd/apparmor/profiles/snap-update-ns.lxd /var/lib/snapd/apparmor/profiles/snap.lxd.activate /var/lib/snapd/apparmor/profiles/snap.lxd.benchmark /var/lib/snapd/apparmor/profiles/snap.lxd.buginfo /var/lib/snapd/apparmor/profiles/snap.lxd.check-kernel /var/lib/snapd/apparmor/profiles/snap.lxd.daemon /var/lib/snapd/apparmor/profiles/snap.lxd.hook.configure /var/lib/snapd/apparmor/profiles/snap.lxd.hook.install /var/lib/snapd/apparmor/profiles/snap.lxd.hook.remove /var/lib/snapd/apparmor/profiles/snap.lxd.lxc /var/lib/snapd/apparmor/profiles/snap.lxd.lxc-to-lxd /var/lib/snapd/apparmor/profiles/snap.lxd.lxd /var/lib/snapd/apparmor/profiles/snap.lxd.migrate /var/lib/snapd/apparmor/profiles/snap.lxd.user-daemon]
Sep  1 05:33:53 zenti systemd[1]: Started Rule-based Manager for Device Events and Files.
Sep  1 05:33:53 zenti systemd[1]: Condition check resulted in Show Plymouth Boot Screen being skipped.
Sep  1 05:33:53 zenti systemd[1]: Started Dispatch Password Requests to Console Directory Watch.
Sep  1 05:33:53 zenti systemd[1]: Condition check resulted in Forward Password Requests to Plymouth Directory Watch being skipped.
Sep  1 05:33:53 zenti systemd[1]: Reached target Local Encrypted Volumes.
Sep  1 05:33:53 zenti systemd[1]: Finished Load AppArmor profiles managed internally by snapd.
Sep  1 05:33:53 zenti systemd-udevd[476]: Using default interface naming scheme 'v249'.
Sep  1 05:33:53 zenti systemd-udevd[479]: sda: Process '/usr/bin/unshare -m /usr/bin/snap auto-import --mount=/dev/sda' failed with exit code 1.
Sep  1 05:33:53 zenti systemd-udevd[472]: sr0: Process '/usr/bin/unshare -m /usr/bin/snap auto-import --mount=/dev/sr0' failed with exit code 1.
Sep  1 05:33:53 zenti systemd[1]: Listening on Load/Save RF Kill Switch Status /dev/rfkill Watch.
Sep  1 05:33:53 zenti systemd-udevd[485]: sda2: Process '/usr/bin/unshare -m /usr/bin/snap auto-import --mount=/dev/sda2' failed with exit code 1.
Sep  1 05:33:53 zenti systemd-udevd[472]: sda3: Process '/usr/bin/unshare -m /usr/bin/snap auto-import --mount=/dev/sda3' failed with exit code 1.
Sep  1 05:33:53 zenti systemd[1]: Found device VBOX_HARDDISK 2.
Sep  1 05:33:53 zenti systemd[1]: Created slice Slice /system/lvm2-pvscan.
Sep  1 05:33:53 zenti systemd[1]: Starting LVM event activation on device 8:3...
Sep  1 05:33:53 zenti systemd[1]: Starting File System Check on /dev/disk/by-uuid/81ad62e5-52b6-4e99-8770-a16173c72706...
Sep  1 05:33:53 zenti systemd-udevd[486]: sda1: Process '/usr/bin/unshare -m /usr/bin/snap auto-import --mount=/dev/sda1' failed with exit code 1.
Sep  1 05:33:53 zenti systemd[1]: Started File System Check Daemon to report status.
Sep  1 05:33:53 zenti systemd-udevd[480]: dm-0: Process '/usr/bin/unshare -m /usr/bin/snap auto-import --mount=/dev/dm-0' failed with exit code 1.
Sep  1 05:33:53 zenti lvm[593]:   pvscan[593] PV /dev/sda3 online, VG ubuntu-vg is complete.
Sep  1 05:33:53 zenti lvm[593]:   pvscan[593] VG ubuntu-vg skip autoactivation.
Sep  1 05:33:53 zenti systemd-fsck[619]: /dev/sda2: recovering journal
Sep  1 05:33:53 zenti systemd-fsck[619]: /dev/sda2: clean, 316/116160 files, 50141/464384 blocks
Sep  1 05:33:53 zenti systemd[1]: Finished File System Check on /dev/disk/by-uuid/81ad62e5-52b6-4e99-8770-a16173c72706.
Sep  1 05:33:53 zenti systemd[1]: Mounting /boot...
Sep  1 05:33:53 zenti systemd[1]: Starting File System Quota Check...
Sep  1 05:33:53 zenti systemd[1]: Finished File System Quota Check.
Sep  1 05:33:53 zenti systemd[1]: Starting Enable File System Quotas...
Sep  1 05:33:53 zenti quotaon[625]: quotaon: cannot find //aquota.group on /dev/mapper/ubuntu--vg-ubuntu--lv [/]
Sep  1 05:33:53 zenti systemd[1]: Mounted /boot.
Sep  1 05:33:53 zenti systemd[1]: Reached target Local File Systems.
Sep  1 05:33:53 zenti systemd[1]: Starting Set console font and keymap...
Sep  1 05:33:53 zenti systemd[1]: Starting Create final runtime dir for shutdown pivot root...
Sep  1 05:33:53 zenti systemd[1]: Starting Tell Plymouth To Write Out Runtime Data...
Sep  1 05:33:53 zenti systemd[1]: Starting QEMU KVM preparation - module, ksm, hugepages...
Sep  1 05:33:53 zenti systemd[1]: Starting Set Up Additional Binary Formats...
Sep  1 05:33:53 zenti systemd[1]: Condition check resulted in Store a System Token in an EFI Variable being skipped.
Sep  1 05:33:53 zenti systemd[1]: Condition check resulted in Commit a transient machine-id on disk being skipped.
Sep  1 05:33:53 zenti systemd[1]: Starting Create Volatile Files and Directories...
Sep  1 05:33:53 zenti systemd[1]: Starting Uncomplicated firewall...
Sep  1 05:33:53 zenti systemd[1]: Finished LVM event activation on device 8:3.
Sep  1 05:33:53 zenti systemd[1]: Finished Set console font and keymap.
Sep  1 05:33:53 zenti systemd[1]: Finished Create final runtime dir for shutdown pivot root.
Sep  1 05:33:53 zenti systemd[1]: Finished Tell Plymouth To Write Out Runtime Data.
Sep  1 05:33:53 zenti systemd[1]: Finished Uncomplicated firewall.
Sep  1 05:33:53 zenti systemd[1]: Reached target Preparation for Network.
Sep  1 05:33:53 zenti systemd[1]: Finished Set Up Additional Binary Formats.
Sep  1 05:33:53 zenti systemd[1]: quotaon.service: Main process exited, code=exited, status=1/FAILURE
Sep  1 05:33:53 zenti systemd[1]: quotaon.service: Failed with result 'exit-code'.
Sep  1 05:33:53 zenti systemd[1]: Failed to start Enable File System Quotas.
Sep  1 05:33:53 zenti systemd[1]: Finished QEMU KVM preparation - module, ksm, hugepages.
Sep  1 05:33:53 zenti systemd[1]: Finished Create Volatile Files and Directories.
Sep  1 05:33:53 zenti systemd[1]: Starting Load Kernel Module efi_pstore...
Sep  1 05:33:53 zenti systemd[1]: Condition check resulted in Show Plymouth Boot Screen being skipped.
Sep  1 05:33:53 zenti systemd[1]: Condition check resulted in Forward Password Requests to Plymouth Directory Watch being skipped.
Sep  1 05:33:53 zenti systemd[1]: Condition check resulted in Store a System Token in an EFI Variable being skipped.
Sep  1 05:33:53 zenti systemd[1]: Condition check resulted in Commit a transient machine-id on disk being skipped.
Sep  1 05:33:53 zenti systemd[1]: Starting Record System Boot/Shutdown in UTMP...
Sep  1 05:33:53 zenti systemd[1]: Condition check resulted in Authentication service for virtual machines hosted on VMware being skipped.
Sep  1 05:33:53 zenti systemd[1]: Condition check resulted in Service for virtual machines hosted on VMware being skipped.
Sep  1 05:33:53 zenti systemd[1]: modprobe@efi_pstore.service: Deactivated successfully.
Sep  1 05:33:53 zenti systemd[1]: Finished Load Kernel Module efi_pstore.
Sep  1 05:33:53 zenti systemd[1]: Condition check resulted in Platform Persistent Storage Archival being skipped.
Sep  1 05:33:53 zenti systemd[1]: Finished Record System Boot/Shutdown in UTMP.
Sep  1 05:33:53 zenti systemd[1]: Reached target System Initialization.
Sep  1 05:33:53 zenti systemd[1]: Started ACPI Events Check.
Sep  1 05:33:53 zenti systemd[1]: Condition check resulted in Process error reports when automatic reporting is enabled (file watch) being skipped.
Sep  1 05:33:53 zenti systemd[1]: Started Trigger anacron every hour.
Sep  1 05:33:53 zenti systemd[1]: Condition check resulted in Process error reports when automatic reporting is enabled (timer based) being skipped.
Sep  1 05:33:53 zenti systemd[1]: Started Daily apt download activities.
Sep  1 05:33:53 zenti systemd[1]: Started Daily apt upgrade and clean activities.
Sep  1 05:33:53 zenti systemd[1]: Started Daily dpkg database backup timer.
Sep  1 05:33:53 zenti systemd[1]: Started Periodic ext4 Online Metadata Check for All Filesystems.
Sep  1 05:33:53 zenti systemd[1]: Started Discard unused blocks once a week.
Sep  1 05:33:53 zenti systemd[1]: Started Refresh fwupd metadata regularly.
Sep  1 05:33:53 zenti systemd[1]: Started Daily rotation of log files.
Sep  1 05:33:53 zenti systemd[1]: Started Daily man-db regeneration.
Sep  1 05:33:53 zenti systemd[1]: Started Message of the Day.
Sep  1 05:33:53 zenti systemd[1]: Condition check resulted in Timer to automatically fetch and run repair assertions being skipped.
Sep  1 05:33:53 zenti systemd[1]: Started Daily Cleanup of Temporary Directories.
Sep  1 05:33:53 zenti systemd[1]: Condition check resulted in Ubuntu Pro Timer for running repeated jobs being skipped.
Sep  1 05:33:53 zenti systemd[1]: Reached target Path Units.
Sep  1 05:33:53 zenti systemd[1]: Listening on ACPID Listen Socket.
Sep  1 05:33:53 zenti systemd[1]: Condition check resulted in Unix socket for apport crash forwarding being skipped.
Sep  1 05:33:53 zenti systemd[1]: Listening on D-Bus System Message Bus Socket.
Sep  1 05:33:53 zenti systemd[1]: Starting Docker Socket for the API...
Sep  1 05:33:53 zenti systemd[1]: Listening on Open-iSCSI iscsid Socket.
Sep  1 05:33:53 zenti systemd[1]: Starting Libvirt local socket...
Sep  1 05:33:53 zenti systemd[1]: Listening on Socket unix for snap application lxd.daemon.
Sep  1 05:33:53 zenti systemd[1]: Listening on Socket unix for snap application lxd.user-daemon.
Sep  1 05:33:53 zenti systemd[1]: Starting Socket activation for snappy daemon...
Sep  1 05:33:53 zenti systemd[1]: Listening on UUID daemon activation socket.
Sep  1 05:33:53 zenti systemd[1]: Listening on Virtual machine lock manager socket.
Sep  1 05:33:53 zenti systemd[1]: Listening on Virtual machine lock manager admin socket.
Sep  1 05:33:53 zenti systemd[1]: Listening on Virtual machine log manager socket.
Sep  1 05:33:53 zenti systemd[1]: Listening on Virtual machine log manager socket.
Sep  1 05:33:53 zenti systemd[1]: Listening on Docker Socket for the API.
Sep  1 05:33:53 zenti systemd[1]: Listening on Libvirt local socket.
Sep  1 05:33:53 zenti systemd[1]: Listening on Socket activation for snappy daemon.
Sep  1 05:33:53 zenti systemd[1]: Reached target Sound Card.
Sep  1 05:33:53 zenti systemd[1]: Listening on Libvirt admin socket.
Sep  1 05:33:53 zenti systemd[1]: Listening on Libvirt local read-only socket.
Sep  1 05:33:53 zenti systemd[1]: Reached target Socket Units.
Sep  1 05:33:53 zenti systemd[1]: Reached target Basic System.
Sep  1 05:33:53 zenti systemd[1]: Started Run anacron jobs.
Sep  1 05:33:53 zenti systemd[1]: Started D-Bus System Message Bus.
Sep  1 05:33:53 zenti anacron[647]: Anacron 2.3 started on 2024-09-01
Sep  1 05:33:53 zenti anacron[647]: Will run job `cron.daily' in 5 min.
Sep  1 05:33:53 zenti anacron[647]: Jobs will be executed sequentially
Sep  1 05:33:53 zenti systemd[1]: Starting Network Manager...
Sep  1 05:33:53 zenti systemd[1]: Started Save initial kernel messages after boot.
Sep  1 05:33:53 zenti systemd[1]: Starting Remove Stale Online ext4 Metadata Check Snapshots...
Sep  1 05:33:53 zenti systemd[1]: Condition check resulted in getty on tty2-tty6 if dbus and logind are not available being skipped.
Sep  1 05:33:53 zenti systemd[1]: Starting Record successful boot for GRUB...
Sep  1 05:33:53 zenti systemd[1]: Started irqbalance daemon.
Sep  1 05:33:53 zenti systemd[1]: Starting Dispatcher daemon for systemd-networkd...
Sep  1 05:33:53 zenti systemd[1]: Started ntp-systemd-netif.service.
Sep  1 05:33:53 zenti systemd[1]: Starting Authorization Manager...
Sep  1 05:33:53 zenti systemd[1]: Starting System Logging Service...
Sep  1 05:33:53 zenti systemd[1]: Condition check resulted in Secure Boot updates for DB and DBX being skipped.
Sep  1 05:33:53 zenti systemd[1]: Condition check resulted in Automatically repair incorrect owner/permissions on core devices being skipped.
Sep  1 05:33:53 zenti systemd[1]: Condition check resulted in Wait for the Ubuntu Core chooser trigger being skipped.
Sep  1 05:33:53 zenti systemd[1]: Reached target Preparation for Logins.
Sep  1 05:33:53 zenti systemd[1]: Starting Wait until snapd is fully seeded...
Sep  1 05:33:53 zenti systemd[1]: Starting Snap Daemon...
Sep  1 05:33:53 zenti systemd[1]: Starting User Login Management...
Sep  1 05:33:53 zenti systemd[1]: Starting Virtual Machine and Container Registration Service...
Sep  1 05:33:53 zenti systemd[1]: Condition check resulted in Thermal Daemon Service being skipped.
Sep  1 05:33:53 zenti systemd[1]: Condition check resulted in Ubuntu Pro reboot cmds being skipped.
Sep  1 05:33:53 zenti systemd[1]: Starting Disk Manager...
Sep  1 05:33:53 zenti systemd[1]: Started Zentyal vncproxy daemon.
Sep  1 05:33:53 zenti systemd[1]: ntp-systemd-netif.service: Deactivated successfully.
Sep  1 05:33:53 zenti dbus-daemon[648]: dbus[648]: Unknown group "power" in message bus configuration file
Sep  1 05:33:53 zenti systemd[1]: e2scrub_reap.service: Deactivated successfully.
Sep  1 05:33:53 zenti systemd[1]: Finished Remove Stale Online ext4 Metadata Check Snapshots.
Sep  1 05:33:53 zenti systemd[1]: grub-common.service: Deactivated successfully.
Sep  1 05:33:53 zenti systemd[1]: Finished Record successful boot for GRUB.
Sep  1 05:33:53 zenti systemd[1]: Starting GRUB failed boot detection...
Sep  1 05:33:53 zenti systemd[1]: grub-initrd-fallback.service: Deactivated successfully.
Sep  1 05:33:53 zenti systemd[1]: Finished GRUB failed boot detection.
Sep  1 05:33:53 zenti udisksd[664]: udisks daemon version 2.9.4 starting
Sep  1 05:33:53 zenti kernel: [    0.000000] Linux version 5.15.0-113-generic (buildd@lcy02-amd64-072) (gcc (Ubuntu 11.4.0-1ubuntu1~22.04) 11.4.0, GNU ld (GNU Binutils for Ubuntu) 2.38) #123-Ubuntu SMP Mon Jun 10 08:16:17 UTC 2024 (Ubuntu 5.15.0-113.123-generic 5.15.152)
Sep  1 05:33:53 zenti kernel: [    0.000000] Command line: BOOT_IMAGE=/vmlinuz-5.15.0-113-generic root=/dev/mapper/ubuntu--vg-ubuntu--lv ro net.ifnames=0 biosdevname=0
Sep  1 05:33:53 zenti kernel: [    0.000000] KERNEL supported cpus:
Sep  1 05:33:53 zenti kernel: [    0.000000]   Intel GenuineIntel
Sep  1 05:33:53 zenti kernel: [    0.000000]   AMD AuthenticAMD
Sep  1 05:33:53 zenti kernel: [    0.000000]   Hygon HygonGenuine
Sep  1 05:33:53 zenti kernel: [    0.000000]   Centaur CentaurHauls
Sep  1 05:33:53 zenti kernel: [    0.000000]   zhaoxin   Shanghai  
Sep  1 05:33:53 zenti kernel: [    0.000000] BIOS-provided physical RAM map:
Sep  1 05:33:53 zenti kernel: [    0.000000] BIOS-e820: [mem 0x0000000000000000-0x000000000009fbff] usable
Sep  1 05:33:53 zenti kernel: [    0.000000] BIOS-e820: [mem 0x000000000009fc00-0x000000000009ffff] reserved
Sep  1 05:33:53 zenti kernel: [    0.000000] BIOS-e820: [mem 0x00000000000f0000-0x00000000000fffff] reserved
Sep  1 05:33:53 zenti kernel: [    0.000000] BIOS-e820: [mem 0x0000000000100000-0x000000007ffeffff] usable
Sep  1 05:33:53 zenti kernel: [    0.000000] BIOS-e820: [mem 0x000000007fff0000-0x000000007fffffff] ACPI data
Sep  1 05:33:53 zenti kernel: [    0.000000] BIOS-e820: [mem 0x00000000fec00000-0x00000000fec00fff] reserved
Sep  1 05:33:53 zenti kernel: [    0.000000] BIOS-e820: [mem 0x00000000fee00000-0x00000000fee00fff] reserved
Sep  1 05:33:53 zenti kernel: [    0.000000] BIOS-e820: [mem 0x00000000fffc0000-0x00000000ffffffff] reserved
Sep  1 05:33:53 zenti kernel: [    0.000000] NX (Execute Disable) protection: active
Sep  1 05:33:53 zenti kernel: [    0.000000] SMBIOS 2.5 present.
Sep  1 05:33:53 zenti kernel: [    0.000000] DMI: innotek GmbH VirtualBox/VirtualBox, BIOS VirtualBox 12/01/2006
Sep  1 05:33:53 zenti kernel: [    0.000000] Hypervisor detected: KVM
Sep  1 05:33:53 zenti kernel: [    0.000000] kvm-clock: Using msrs 4b564d01 and 4b564d00
Sep  1 05:33:53 zenti kernel: [    0.000000] kvm-clock: cpu 0, msr 4d601001, primary cpu clock
Sep  1 05:33:53 zenti kernel: [    0.000002] kvm-clock: using sched offset of 3841242072 cycles
Sep  1 05:33:53 zenti kernel: [    0.000004] clocksource: kvm-clock: mask: 0xffffffffffffffff max_cycles: 0x1cd42e4dffb, max_idle_ns: 881590591483 ns
Sep  1 05:33:53 zenti kernel: [    0.000006] tsc: Detected 1190.420 MHz processor
Sep  1 05:33:53 zenti kernel: [    0.001051] e820: update [mem 0x00000000-0x00000fff] usable ==> reserved
Sep  1 05:33:53 zenti kernel: [    0.001055] e820: remove [mem 0x000a0000-0x000fffff] usable
Sep  1 05:33:53 zenti kernel: [    0.001059] last_pfn = 0x7fff0 max_arch_pfn = 0x400000000
Sep  1 05:33:53 zenti kernel: [    0.001069] Disabled
Sep  1 05:33:53 zenti kernel: [    0.001070] x86/PAT: MTRRs disabled, skipping PAT initialization too.
Sep  1 05:33:53 zenti kernel: [    0.001072] CPU MTRRs all blank - virtualized system.
Sep  1 05:33:53 zenti kernel: [    0.001074] x86/PAT: Configuration [0-7]: WB  WT  UC- UC  WB  WT  UC- UC  
Sep  1 05:33:53 zenti kernel: [    0.001110] found SMP MP-table at [mem 0x0009fff0-0x0009ffff]
Sep  1 05:33:53 zenti kernel: [    0.001273] RAMDISK: [mem 0x2acc5000-0x31659fff]
Sep  1 05:33:53 zenti kernel: [    0.001278] ACPI: Early table checksum verification disabled
Sep  1 05:33:53 zenti kernel: [    0.001282] ACPI: RSDP 0x00000000000E0000 000024 (v02 VBOX  )
Sep  1 05:33:53 zenti kernel: [    0.001285] ACPI: XSDT 0x000000007FFF0030 00003C (v01 VBOX   VBOXXSDT 00000001 ASL  00000061)
Sep  1 05:33:53 zenti kernel: [    0.001291] ACPI: FACP 0x000000007FFF00F0 0000F4 (v04 VBOX   VBOXFACP 00000001 ASL  00000061)
Sep  1 05:33:53 zenti kernel: [    0.001295] ACPI: DSDT 0x000000007FFF0620 002353 (v02 VBOX   VBOXBIOS 00000002 INTL 20200925)
Sep  1 05:33:53 zenti kernel: [    0.001298] ACPI: FACS 0x000000007FFF0200 000040
Sep  1 05:33:53 zenti kernel: [    0.001300] ACPI: FACS 0x000000007FFF0200 000040
Sep  1 05:33:53 zenti kernel: [    0.001302] ACPI: APIC 0x000000007FFF0240 000064 (v02 VBOX   VBOXAPIC 00000001 ASL  00000061)
Sep  1 05:33:53 zenti kernel: [    0.001305] ACPI: SSDT 0x000000007FFF02B0 00036C (v01 VBOX   VBOXCPUT 00000002 INTL 20200925)
Sep  1 05:33:53 zenti kernel: [    0.001307] ACPI: Reserving FACP table memory at [mem 0x7fff00f0-0x7fff01e3]
Sep  1 05:33:53 zenti kernel: [    0.001308] ACPI: Reserving DSDT table memory at [mem 0x7fff0620-0x7fff2972]
Sep  1 05:33:53 zenti kernel: [    0.001309] ACPI: Reserving FACS table memory at [mem 0x7fff0200-0x7fff023f]
Sep  1 05:33:53 zenti kernel: [    0.001310] ACPI: Reserving FACS table memory at [mem 0x7fff0200-0x7fff023f]
Sep  1 05:33:53 zenti kernel: [    0.001311] ACPI: Reserving APIC table memory at [mem 0x7fff0240-0x7fff02a3]
Sep  1 05:33:53 zenti kernel: [    0.001312] ACPI: Reserving SSDT table memory at [mem 0x7fff02b0-0x7fff061b]
Sep  1 05:33:53 zenti kernel: [    0.001488] No NUMA configuration found
Sep  1 05:33:53 zenti kernel: [    0.001489] Faking a node at [mem 0x0000000000000000-0x000000007ffeffff]
Sep  1 05:33:53 zenti kernel: [    0.001495] NODE_DATA(0) allocated [mem 0x7ffc6000-0x7ffeffff]
Sep  1 05:33:53 zenti kernel: [    0.001746] Zone ranges:
Sep  1 05:33:53 zenti kernel: [    0.001747]   DMA      [mem 0x0000000000001000-0x0000000000ffffff]
Sep  1 05:33:53 zenti kernel: [    0.001749]   DMA32    [mem 0x0000000001000000-0x000000007ffeffff]
Sep  1 05:33:53 zenti kernel: [    0.001751]   Normal   empty
Sep  1 05:33:53 zenti kernel: [    0.001752]   Device   empty
Sep  1 05:33:53 zenti kernel: [    0.001753] Movable zone start for each node
Sep  1 05:33:53 zenti kernel: [    0.001754] Early memory node ranges
Sep  1 05:33:53 zenti kernel: [    0.001755]   node   0: [mem 0x0000000000001000-0x000000000009efff]
Sep  1 05:33:53 zenti kernel: [    0.001756]   node   0: [mem 0x0000000000100000-0x000000007ffeffff]
Sep  1 05:33:53 zenti kernel: [    0.001758] Initmem setup node 0 [mem 0x0000000000001000-0x000000007ffeffff]
Sep  1 05:33:53 zenti kernel: [    0.001761] On node 0, zone DMA: 1 pages in unavailable ranges
Sep  1 05:33:53 zenti kernel: [    0.001783] On node 0, zone DMA: 97 pages in unavailable ranges
Sep  1 05:33:53 zenti kernel: [    0.004636] On node 0, zone DMA32: 16 pages in unavailable ranges
Sep  1 05:33:53 zenti kernel: [    0.004887] ACPI: PM-Timer IO Port: 0x4008
Sep  1 05:33:53 zenti kernel: [    0.004927] IOAPIC[0]: apic_id 3, version 32, address 0xfec00000, GSI 0-23
Sep  1 05:33:53 zenti kernel: [    0.004929] ACPI: INT_SRC_OVR (bus 0 bus_irq 0 global_irq 2 dfl dfl)
Sep  1 05:33:53 zenti kernel: [    0.004931] ACPI: INT_SRC_OVR (bus 0 bus_irq 9 global_irq 9 low level)
Sep  1 05:33:53 zenti kernel: [    0.004934] ACPI: Using ACPI (MADT) for SMP configuration information
Sep  1 05:33:53 zenti kernel: [    0.004939] smpboot: Allowing 3 CPUs, 0 hotplug CPUs
Sep  1 05:33:53 zenti kernel: [    0.004952] PM: hibernation: Registered nosave memory: [mem 0x00000000-0x00000fff]
Sep  1 05:33:53 zenti kernel: [    0.004954] PM: hibernation: Registered nosave memory: [mem 0x0009f000-0x0009ffff]
Sep  1 05:33:53 zenti kernel: [    0.004955] PM: hibernation: Registered nosave memory: [mem 0x000a0000-0x000effff]
Sep  1 05:33:53 zenti kernel: [    0.004956] PM: hibernation: Registered nosave memory: [mem 0x000f0000-0x000fffff]
Sep  1 05:33:53 zenti kernel: [    0.004957] [mem 0x80000000-0xfebfffff] available for PCI devices
Sep  1 05:33:53 zenti kernel: [    0.004958] Booting paravirtualized kernel on KVM
Sep  1 05:33:53 zenti kernel: [    0.004960] clocksource: refined-jiffies: mask: 0xffffffff max_cycles: 0xffffffff, max_idle_ns: 7645519600211568 ns
Sep  1 05:33:53 zenti kernel: [    0.004965] setup_percpu: NR_CPUS:8192 nr_cpumask_bits:3 nr_cpu_ids:3 nr_node_ids:1
Sep  1 05:33:53 zenti kernel: [    0.005075] percpu: Embedded 62 pages/cpu s217088 r8192 d28672 u524288
Sep  1 05:33:53 zenti kernel: [    0.005079] pcpu-alloc: s217088 r8192 d28672 u524288 alloc=1*2097152
Sep  1 05:33:53 zenti kernel: [    0.005082] pcpu-alloc: [0] 0 1 2 - 
Sep  1 05:33:53 zenti kernel: [    0.005099] kvm-guest: PV spinlocks enabled
Sep  1 05:33:53 zenti kernel: [    0.005101] PV qspinlock hash table entries: 256 (order: 0, 4096 bytes, linear)
Sep  1 05:33:53 zenti kernel: [    0.005107] Built 1 zonelists, mobility grouping on.  Total pages: 515824
Sep  1 05:33:53 zenti kernel: [    0.005109] Policy zone: DMA32
Sep  1 05:33:53 zenti kernel: [    0.005110] Kernel command line: BOOT_IMAGE=/vmlinuz-5.15.0-113-generic root=/dev/mapper/ubuntu--vg-ubuntu--lv ro net.ifnames=0 biosdevname=0
Sep  1 05:33:53 zenti kernel: [    0.005159] Unknown kernel command line parameters "BOOT_IMAGE=/vmlinuz-5.15.0-113-generic biosdevname=0", will be passed to user space.
Sep  1 05:33:53 zenti kernel: [    0.005363] Dentry cache hash table entries: 262144 (order: 9, 2097152 bytes, linear)
Sep  1 05:33:53 zenti kernel: [    0.005400] Inode-cache hash table entries: 131072 (order: 8, 1048576 bytes, linear)
Sep  1 05:33:53 zenti kernel: [    0.005441] mem auto-init: stack:off, heap alloc:on, heap free:off
Sep  1 05:33:53 zenti kernel: [    0.008928] Memory: 1893452K/2096696K available (16393K kernel code, 4395K rwdata, 10952K rodata, 3368K init, 18700K bss, 202984K reserved, 0K cma-reserved)
Sep  1 05:33:53 zenti kernel: [    0.010386] SLUB: HWalign=64, Order=0-3, MinObjects=0, CPUs=3, Nodes=1
Sep  1 05:33:53 zenti kernel: [    0.010435] Kernel/User page tables isolation: enabled
Sep  1 05:33:53 zenti kernel: [    0.010496] ftrace: allocating 50718 entries in 199 pages
Sep  1 05:33:53 zenti kernel: [    0.031343] ftrace: allocated 199 pages with 5 groups
Sep  1 05:33:53 zenti kernel: [    0.031541] rcu: Hierarchical RCU implementation.
Sep  1 05:33:53 zenti kernel: [    0.031542] rcu: 	RCU restricting CPUs from NR_CPUS=8192 to nr_cpu_ids=3.
Sep  1 05:33:53 zenti kernel: [    0.031544] 	Rude variant of Tasks RCU enabled.
Sep  1 05:33:53 zenti kernel: [    0.031544] 	Tracing variant of Tasks RCU enabled.
Sep  1 05:33:53 zenti kernel: [    0.031545] rcu: RCU calculated value of scheduler-enlistment delay is 25 jiffies.
Sep  1 05:33:53 zenti kernel: [    0.031546] rcu: Adjusting geometry for rcu_fanout_leaf=16, nr_cpu_ids=3
Sep  1 05:33:53 zenti kernel: [    0.035708] NR_IRQS: 524544, nr_irqs: 448, preallocated irqs: 16
Sep  1 05:33:53 zenti kernel: [    0.036047] random: crng init done
Sep  1 05:33:53 zenti kernel: [    0.042742] Console: colour VGA+ 80x25
Sep  1 05:33:53 zenti kernel: [    0.062562] printk: console [tty0] enabled
Sep  1 05:33:53 zenti kernel: [    0.062724] ACPI: Core revision 20210730
Sep  1 05:33:53 zenti kernel: [    0.062938] APIC: Switch to symmetric I/O mode setup
Sep  1 05:33:53 zenti kernel: [    0.063285] x2apic enabled
Sep  1 05:33:53 zenti kernel: [    0.063572] Switched APIC routing to physical x2apic.
Sep  1 05:33:53 zenti kernel: [    0.064507] ..TIMER: vector=0x30 apic1=0 pin1=2 apic2=-1 pin2=-1
Sep  1 05:33:53 zenti kernel: [    0.064711] clocksource: tsc-early: mask: 0xffffffffffffffff max_cycles: 0x1128c1d87f0, max_idle_ns: 440795263545 ns
Sep  1 05:33:53 zenti kernel: [    0.065031] Calibrating delay loop (skipped) preset value.. 2380.84 BogoMIPS (lpj=4761680)
Sep  1 05:33:53 zenti kernel: [    0.065512] Last level iTLB entries: 4KB 0, 2MB 0, 4MB 0
Sep  1 05:33:53 zenti kernel: [    0.065684] Last level dTLB entries: 4KB 0, 2MB 0, 4MB 0, 1GB 0
Sep  1 05:33:53 zenti kernel: [    0.065877] Spectre V1 : Mitigation: usercopy/swapgs barriers and __user pointer sanitization
Sep  1 05:33:53 zenti kernel: [    0.066154] Spectre V2 : Mitigation: Retpolines
Sep  1 05:33:53 zenti kernel: [    0.066312] Spectre V2 : Spectre v2 / SpectreRSB mitigation: Filling RSB on context switch
Sep  1 05:33:53 zenti kernel: [    0.066580] Spectre V2 : Spectre v2 / SpectreRSB : Filling RSB on VMEXIT
Sep  1 05:33:53 zenti kernel: [    0.066784] RETBleed: WARNING: Spectre v2 mitigation leaves CPU vulnerable to RETBleed attacks, data leaks possible!
Sep  1 05:33:53 zenti kernel: [    0.067097] RETBleed: Vulnerable
Sep  1 05:33:53 zenti kernel: [    0.067228] Speculative Store Bypass: Vulnerable
Sep  1 05:33:53 zenti kernel: [    0.067392] MDS: Mitigation: Clear CPU buffers
Sep  1 05:33:53 zenti kernel: [    0.067548] MMIO Stale Data: Mitigation: Clear CPU buffers
Sep  1 05:33:53 zenti kernel: [    0.067726] SRBDS: Unknown: Dependent on hypervisor status
Sep  1 05:33:53 zenti kernel: [    0.067904] GDS: Unknown: Dependent on hypervisor status
Sep  1 05:33:53 zenti kernel: [    0.068097] x86/fpu: Supporting XSAVE feature 0x001: 'x87 floating point registers'
Sep  1 05:33:53 zenti kernel: [    0.068358] x86/fpu: Supporting XSAVE feature 0x002: 'SSE registers'
Sep  1 05:33:53 zenti kernel: [    0.068557] x86/fpu: Supporting XSAVE feature 0x004: 'AVX registers'
Sep  1 05:33:53 zenti kernel: [    0.068757] x86/fpu: xstate_offset[2]:  576, xstate_sizes[2]:  256
Sep  1 05:33:53 zenti kernel: [    0.068951] x86/fpu: Enabled xstate features 0x7, context size is 832 bytes, using 'standard' format.
Sep  1 05:33:53 zenti kernel: [    0.069027] Freeing SMP alternatives memory: 44K
Sep  1 05:33:53 zenti kernel: [    0.069027] pid_max: default: 32768 minimum: 301
Sep  1 05:33:53 zenti kernel: [    0.069027] LSM: Security Framework initializing
Sep  1 05:33:53 zenti kernel: [    0.069027] landlock: Up and running.
Sep  1 05:33:53 zenti kernel: [    0.069027] Yama: becoming mindful.
Sep  1 05:33:53 zenti kernel: [    0.069027] AppArmor: AppArmor initialized
Sep  1 05:33:53 zenti kernel: [    0.069027] Mount-cache hash table entries: 4096 (order: 3, 32768 bytes, linear)
Sep  1 05:33:53 zenti kernel: [    0.069027] Mountpoint-cache hash table entries: 4096 (order: 3, 32768 bytes, linear)
Sep  1 05:33:53 zenti kernel: [    0.189169] APIC calibration not consistent with PM-Timer: 104ms instead of 100ms
Sep  1 05:33:53 zenti kernel: [    0.189607] APIC delta adjusted to PM-Timer: 6338616 (6601791)
Sep  1 05:33:53 zenti kernel: [    0.189923] smpboot: CPU0: Intel(R) Core(TM) i5-1035G1 CPU @ 1.00GHz (family: 0x6, model: 0x7e, stepping: 0x5)
Sep  1 05:33:53 zenti kernel: [    0.190409] Performance Events: unsupported p6 CPU model 126 no PMU driver, software events only.
Sep  1 05:33:53 zenti kernel: [    0.190752] signal: max sigframe size: 1776
Sep  1 05:33:53 zenti kernel: [    0.190920] rcu: Hierarchical SRCU implementation.
Sep  1 05:33:53 zenti kernel: [    0.191419] NMI watchdog: Perf NMI watchdog permanently disabled
Sep  1 05:33:53 zenti kernel: [    0.191655] smp: Bringing up secondary CPUs ...
Sep  1 05:33:53 zenti kernel: [    0.191884] x86: Booting SMP configuration:
Sep  1 05:33:53 zenti kernel: [    0.192040] .... node  #0, CPUs:      #1
Sep  1 05:33:53 zenti kernel: [    0.033021] kvm-clock: cpu 1, msr 4d601041, secondary cpu clock
Sep  1 05:33:53 zenti kernel: [    0.193120]  #2
Sep  1 05:33:53 zenti kernel: [    0.033021] kvm-clock: cpu 2, msr 4d601081, secondary cpu clock
Sep  1 05:33:53 zenti kernel: [    0.196211] smp: Brought up 1 node, 3 CPUs
Sep  1 05:33:53 zenti kernel: [    0.197376] smpboot: Max logical packages: 1
Sep  1 05:33:53 zenti kernel: [    0.197533] smpboot: Total of 3 processors activated (7142.52 BogoMIPS)
Sep  1 05:33:53 zenti kernel: [    0.197900] devtmpfs: initialized
Sep  1 05:33:53 zenti kernel: [    0.197900] x86/mm: Memory block size: 128MB
Sep  1 05:33:53 zenti kernel: [    0.197900] clocksource: jiffies: mask: 0xffffffff max_cycles: 0xffffffff, max_idle_ns: 7645041785100000 ns
Sep  1 05:33:53 zenti kernel: [    0.197900] futex hash table entries: 1024 (order: 4, 65536 bytes, linear)
Sep  1 05:33:53 zenti kernel: [    0.197900] pinctrl core: initialized pinctrl subsystem
Sep  1 05:33:53 zenti kernel: [    0.197914] PM: RTC time: 05:33:49, date: 2024-09-01
Sep  1 05:33:53 zenti kernel: [    0.198242] NET: Registered PF_NETLINK/PF_ROUTE protocol family
Sep  1 05:33:53 zenti kernel: [    0.198504] DMA: preallocated 256 KiB GFP_KERNEL pool for atomic allocations
Sep  1 05:33:53 zenti kernel: [    0.198739] DMA: preallocated 256 KiB GFP_KERNEL|GFP_DMA pool for atomic allocations
Sep  1 05:33:53 zenti kernel: [    0.199018] DMA: preallocated 256 KiB GFP_KERNEL|GFP_DMA32 pool for atomic allocations
Sep  1 05:33:53 zenti kernel: [    0.199292] audit: initializing netlink subsys (disabled)
Sep  1 05:33:53 zenti kernel: [    0.201057] audit: type=2000 audit(1725168834.007:1): state=initialized audit_enabled=0 res=1
Sep  1 05:33:53 zenti kernel: [    0.201175] thermal_sys: Registered thermal governor 'fair_share'
Sep  1 05:33:53 zenti kernel: [    0.202098] thermal_sys: Registered thermal governor 'bang_bang'
Sep  1 05:33:53 zenti kernel: [    0.202299] thermal_sys: Registered thermal governor 'step_wise'
Sep  1 05:33:53 zenti kernel: [    0.202492] thermal_sys: Registered thermal governor 'user_space'
Sep  1 05:33:53 zenti kernel: [    0.202685] thermal_sys: Registered thermal governor 'power_allocator'
Sep  1 05:33:53 zenti kernel: [    0.202885] EISA bus registered
Sep  1 05:33:53 zenti kernel: [    0.203228] cpuidle: using governor ladder
Sep  1 05:33:53 zenti kernel: [    0.203382] cpuidle: using governor menu
Sep  1 05:33:53 zenti kernel: [    0.203634] ACPI: bus type PCI registered
Sep  1 05:33:53 zenti kernel: [    0.203788] acpiphp: ACPI Hot Plug PCI Controller Driver version: 0.5
Sep  1 05:33:53 zenti kernel: [    0.204068] PCI: Using configuration type 1 for base access
Sep  1 05:33:53 zenti kernel: [    0.205600] kprobes: kprobe jump-optimization is enabled. All kprobes are optimized if possible.
Sep  1 05:33:53 zenti kernel: [    0.206051] HugeTLB registered 2.00 MiB page size, pre-allocated 0 pages
Sep  1 05:33:53 zenti kernel: [    0.206051] ACPI: Added _OSI(Module Device)
Sep  1 05:33:53 zenti kernel: [    0.206051] ACPI: Added _OSI(Processor Device)
Sep  1 05:33:53 zenti kernel: [    0.206051] ACPI: Added _OSI(3.0 _SCP Extensions)
Sep  1 05:33:53 zenti kernel: [    0.209030] ACPI: Added _OSI(Processor Aggregator Device)
Sep  1 05:33:53 zenti kernel: [    0.209213] ACPI: Added _OSI(Linux-Dell-Video)
Sep  1 05:33:53 zenti kernel: [    0.209373] ACPI: Added _OSI(Linux-Lenovo-NV-HDMI-Audio)
Sep  1 05:33:53 zenti kernel: [    0.209553] ACPI: Added _OSI(Linux-HPI-Hybrid-Graphics)
Sep  1 05:33:53 zenti kernel: [    0.211300] ACPI: 2 ACPI AML tables successfully acquired and loaded
Sep  1 05:33:53 zenti kernel: [    0.212589] ACPI: Interpreter enabled
Sep  1 05:33:53 zenti kernel: [    0.212742] ACPI: PM: (supports S0 S5)
Sep  1 05:33:53 zenti kernel: [    0.213029] ACPI: Using IOAPIC for interrupt routing
Sep  1 05:33:53 zenti kernel: [    0.213464] PCI: Using host bridge windows from ACPI; if necessary, use "pci=nocrs" and report a bug
Sep  1 05:33:53 zenti kernel: [    0.213900] PCI: Using E820 reservations for host bridge windows
Sep  1 05:33:53 zenti kernel: [    0.214179] ACPI: Enabled 2 GPEs in block 00 to 07
Sep  1 05:33:53 zenti kernel: [    0.217670] ACPI: PCI Root Bridge [PCI0] (domain 0000 [bus 00-ff])
Sep  1 05:33:53 zenti kernel: [    0.217974] acpi PNP0A03:00: _OSC: OS supports [ASPM ClockPM Segments MSI EDR HPX-Type3]
Sep  1 05:33:53 zenti kernel: [    0.218551] acpi PNP0A03:00: _OSC: not requesting OS control; OS requires [ExtendedConfig ASPM ClockPM MSI]
Sep  1 05:33:53 zenti kernel: [    0.218863] acpi PNP0A03:00: fail to add MMCONFIG information, can't access extended PCI configuration space under this bridge.
Sep  1 05:33:53 zenti kernel: [    0.219428] PCI host bridge to bus 0000:00
Sep  1 05:33:53 zenti kernel: [    0.219583] pci_bus 0000:00: root bus resource [bus 00-ff]
Sep  1 05:33:53 zenti kernel: [    0.219764] pci_bus 0000:00: root bus resource [io  0x0000-0x0cf7 window]
Sep  1 05:33:53 zenti kernel: [    0.220312] pci_bus 0000:00: root bus resource [io  0x0d00-0xffff window]
Sep  1 05:33:53 zenti kernel: [    0.220743] pci_bus 0000:00: root bus resource [mem 0x000a0000-0x000bffff window]
Sep  1 05:33:53 zenti kernel: [    0.221027] pci_bus 0000:00: root bus resource [mem 0x80000000-0xfdffffff window]
Sep  1 05:33:53 zenti kernel: [    0.221273] pci 0000:00:00.0: [8086:1237] type 00 class 0x060000
Sep  1 05:33:53 zenti kernel: [    0.222177] pci 0000:00:01.0: [8086:7000] type 00 class 0x060100
Sep  1 05:33:53 zenti kernel: [    0.222796] pci 0000:00:01.1: [8086:7111] type 00 class 0x01018a
Sep  1 05:33:53 zenti kernel: [    0.223184] pci 0000:00:01.1: reg 0x20: [io  0xd000-0xd00f]
Sep  1 05:33:53 zenti kernel: [    0.223449] pci 0000:00:01.1: legacy IDE quirk: reg 0x10: [io  0x01f0-0x01f7]
Sep  1 05:33:53 zenti kernel: [    0.223662] pci 0000:00:01.1: legacy IDE quirk: reg 0x14: [io  0x03f6]
Sep  1 05:33:53 zenti kernel: [    0.223864] pci 0000:00:01.1: legacy IDE quirk: reg 0x18: [io  0x0170-0x0177]
Sep  1 05:33:53 zenti kernel: [    0.224174] pci 0000:00:01.1: legacy IDE quirk: reg 0x1c: [io  0x0376]
Sep  1 05:33:53 zenti kernel: [    0.224856] pci 0000:00:02.0: [15ad:0405] type 00 class 0x030000
Sep  1 05:33:53 zenti kernel: [    0.226036] pci 0000:00:02.0: reg 0x10: [io  0xd010-0xd01f]
Sep  1 05:33:53 zenti kernel: [    0.227286] pci 0000:00:02.0: reg 0x14: [mem 0xe0000000-0xe0ffffff pref]
Sep  1 05:33:53 zenti kernel: [    0.228441] pci 0000:00:02.0: reg 0x18: [mem 0xf0000000-0xf01fffff]
Sep  1 05:33:53 zenti kernel: [    0.232977] pci 0000:00:02.0: Video device with shadowed ROM at [mem 0x000c0000-0x000dffff]
Sep  1 05:33:53 zenti kernel: [    0.233439] pci 0000:00:03.0: [8086:100e] type 00 class 0x020000
Sep  1 05:33:53 zenti kernel: [    0.234880] pci 0000:00:03.0: reg 0x10: [mem 0xf0200000-0xf021ffff]
Sep  1 05:33:53 zenti kernel: [    0.237106] pci 0000:00:03.0: reg 0x18: [io  0xd020-0xd027]
Sep  1 05:33:53 zenti kernel: [    0.241408] pci 0000:00:04.0: [80ee:cafe] type 00 class 0x088000
Sep  1 05:33:53 zenti kernel: [    0.242524] pci 0000:00:04.0: reg 0x10: [io  0xd040-0xd05f]
Sep  1 05:33:53 zenti kernel: [    0.243520] pci 0000:00:04.0: reg 0x14: [mem 0xf0400000-0xf07fffff]
Sep  1 05:33:53 zenti kernel: [    0.244662] pci 0000:00:04.0: reg 0x18: [mem 0xf0800000-0xf0803fff pref]
Sep  1 05:33:53 zenti kernel: [    0.248062] pci 0000:00:05.0: [8086:2415] type 00 class 0x040100
Sep  1 05:33:53 zenti kernel: [    0.248341] pci 0000:00:05.0: reg 0x10: [io  0xd100-0xd1ff]
Sep  1 05:33:53 zenti kernel: [    0.249043] pci 0000:00:05.0: reg 0x14: [io  0xd200-0xd23f]
Sep  1 05:33:53 zenti kernel: [    0.249896] pci 0000:00:06.0: [106b:003f] type 00 class 0x0c0310
Sep  1 05:33:53 zenti kernel: [    0.251088] pci 0000:00:06.0: reg 0x10: [mem 0xf0804000-0xf0804fff]
Sep  1 05:33:53 zenti kernel: [    0.257482] pci 0000:00:07.0: [8086:7113] type 00 class 0x068000
Sep  1 05:33:53 zenti kernel: [    0.258049] pci 0000:00:07.0: quirk: [io  0x4000-0x403f] claimed by PIIX4 ACPI
Sep  1 05:33:53 zenti kernel: [    0.258332] pci 0000:00:07.0: quirk: [io  0x4100-0x410f] claimed by PIIX4 SMB
Sep  1 05:33:53 zenti kernel: [    0.259709] pci 0000:00:0b.0: [8086:265c] type 00 class 0x0c0320
Sep  1 05:33:53 zenti kernel: [    0.261031] pci 0000:00:0b.0: reg 0x10: [mem 0xf0805000-0xf0805fff]
Sep  1 05:33:53 zenti kernel: [    0.266640] pci 0000:00:0d.0: [8086:2829] type 00 class 0x010601
Sep  1 05:33:53 zenti kernel: [    0.267706] pci 0000:00:0d.0: reg 0x10: [io  0xd240-0xd247]
Sep  1 05:33:53 zenti kernel: [    0.268596] pci 0000:00:0d.0: reg 0x14: [io  0xd248-0xd24b]
Sep  1 05:33:53 zenti kernel: [    0.269793] pci 0000:00:0d.0: reg 0x18: [io  0xd250-0xd257]
Sep  1 05:33:53 zenti kernel: [    0.270764] pci 0000:00:0d.0: reg 0x1c: [io  0xd258-0xd25b]
Sep  1 05:33:53 zenti kernel: [    0.271647] pci 0000:00:0d.0: reg 0x20: [io  0xd260-0xd26f]
Sep  1 05:33:53 zenti kernel: [    0.273036] pci 0000:00:0d.0: reg 0x24: [mem 0xf0806000-0xf0807fff]
Sep  1 05:33:53 zenti kernel: [    0.278977] ACPI: PCI: Interrupt link LNKA configured for IRQ 11
Sep  1 05:33:53 zenti kernel: [    0.279364] ACPI: PCI: Interrupt link LNKB configured for IRQ 10
Sep  1 05:33:53 zenti kernel: [    0.279621] ACPI: PCI: Interrupt link LNKC configured for IRQ 9
Sep  1 05:33:53 zenti kernel: [    0.279902] ACPI: PCI: Interrupt link LNKD configured for IRQ 11
Sep  1 05:33:53 zenti kernel: [    0.280238] iommu: Default domain type: Translated 
Sep  1 05:33:53 zenti kernel: [    0.280238] iommu: DMA domain TLB invalidation policy: lazy mode 
Sep  1 05:33:53 zenti kernel: [    0.280238] SCSI subsystem initialized
Sep  1 05:33:53 zenti kernel: [    0.281050] libata version 3.00 loaded.
Sep  1 05:33:53 zenti kernel: [    0.281054] pci 0000:00:02.0: vgaarb: setting as boot VGA device
Sep  1 05:33:53 zenti kernel: [    0.281242] pci 0000:00:02.0: vgaarb: VGA device added: decodes=io+mem,owns=io+mem,locks=none
Sep  1 05:33:53 zenti kernel: [    0.281537] pci 0000:00:02.0: vgaarb: bridge control possible
Sep  1 05:33:53 zenti kernel: [    0.281725] vgaarb: loaded
Sep  1 05:33:53 zenti kernel: [    0.281867] ACPI: bus type USB registered
Sep  1 05:33:53 zenti kernel: [    0.282027] usbcore: registered new interface driver usbfs
Sep  1 05:33:53 zenti kernel: [    0.282215] usbcore: registered new interface driver hub
Sep  1 05:33:53 zenti kernel: [    0.282396] usbcore: registered new device driver usb
Sep  1 05:33:53 zenti kernel: [    0.282593] pps_core: LinuxPPS API ver. 1 registered
Sep  1 05:33:53 zenti kernel: [    0.282765] pps_core: Software ver. 5.3.6 - Copyright 2005-2007 Rodolfo Giometti <giometti@linux.it>
Sep  1 05:33:53 zenti kernel: [    0.283149] PTP clock support registered
Sep  1 05:33:53 zenti kernel: [    0.283381] EDAC MC: Ver: 3.0.0
Sep  1 05:33:53 zenti kernel: [    0.283381] NetLabel: Initializing
Sep  1 05:33:53 zenti kernel: [    0.283381] NetLabel:  domain hash size = 128
Sep  1 05:33:53 zenti kernel: [    0.283381] NetLabel:  protocols = UNLABELED CIPSOv4 CALIPSO
Sep  1 05:33:53 zenti kernel: [    0.283381] NetLabel:  unlabeled traffic allowed by default
Sep  1 05:33:53 zenti kernel: [    0.285046] PCI: Using ACPI for IRQ routing
Sep  1 05:33:53 zenti kernel: [    0.285202] PCI: pci_cache_line_size set to 64 bytes
Sep  1 05:33:53 zenti kernel: [    0.285357] e820: reserve RAM buffer [mem 0x0009fc00-0x0009ffff]
Sep  1 05:33:53 zenti kernel: [    0.285358] e820: reserve RAM buffer [mem 0x7fff0000-0x7fffffff]
Sep  1 05:33:53 zenti kernel: [    0.286291] clocksource: Switched to clocksource kvm-clock
Sep  1 05:33:53 zenti kernel: [    0.296587] VFS: Disk quotas dquot_6.6.0
Sep  1 05:33:53 zenti kernel: [    0.296767] VFS: Dquot-cache hash table entries: 512 (order 0, 4096 bytes)
Sep  1 05:33:53 zenti kernel: [    0.297071] AppArmor: AppArmor Filesystem Enabled
Sep  1 05:33:53 zenti kernel: [    0.297288] pnp: PnP ACPI init
Sep  1 05:33:53 zenti kernel: [    0.298051] pnp: PnP ACPI: found 2 devices
Sep  1 05:33:53 zenti kernel: [    0.305778] clocksource: acpi_pm: mask: 0xffffff max_cycles: 0xffffff, max_idle_ns: 2085701024 ns
Sep  1 05:33:53 zenti kernel: [    0.306189] NET: Registered PF_INET protocol family
Sep  1 05:33:53 zenti kernel: [    0.306430] IP idents hash table entries: 32768 (order: 6, 262144 bytes, linear)
Sep  1 05:33:53 zenti kernel: [    0.307002] tcp_listen_portaddr_hash hash table entries: 1024 (order: 2, 16384 bytes, linear)
Sep  1 05:33:53 zenti kernel: [    0.307329] Table-perturb hash table entries: 65536 (order: 6, 262144 bytes, linear)
Sep  1 05:33:53 zenti kernel: [    0.307602] TCP established hash table entries: 16384 (order: 5, 131072 bytes, linear)
Sep  1 05:33:53 zenti kernel: [    0.307893] TCP bind hash table entries: 16384 (order: 6, 262144 bytes, linear)
Sep  1 05:33:53 zenti kernel: [    0.308158] TCP: Hash tables configured (established 16384 bind 16384)
Sep  1 05:33:53 zenti kernel: [    0.308480] MPTCP token hash table entries: 2048 (order: 3, 49152 bytes, linear)
Sep  1 05:33:53 zenti kernel: [    0.308746] UDP hash table entries: 1024 (order: 3, 32768 bytes, linear)
Sep  1 05:33:53 zenti kernel: [    0.308958] UDP-Lite hash table entries: 1024 (order: 3, 32768 bytes, linear)
Sep  1 05:33:53 zenti kernel: [    0.309197] NET: Registered PF_UNIX/PF_LOCAL protocol family
Sep  1 05:33:53 zenti kernel: [    0.309386] NET: Registered PF_XDP protocol family
Sep  1 05:33:53 zenti kernel: [    0.309559] pci_bus 0000:00: resource 4 [io  0x0000-0x0cf7 window]
Sep  1 05:33:53 zenti kernel: [    0.309757] pci_bus 0000:00: resource 5 [io  0x0d00-0xffff window]
Sep  1 05:33:53 zenti kernel: [    0.309771] pci_bus 0000:00: resource 6 [mem 0x000a0000-0x000bffff window]
Sep  1 05:33:53 zenti kernel: [    0.309771] pci_bus 0000:00: resource 7 [mem 0x80000000-0xfdffffff window]
Sep  1 05:33:53 zenti kernel: [    0.309771] pci 0000:00:00.0: Limiting direct PCI/PCI transfers
Sep  1 05:33:53 zenti kernel: [    0.310627] pci 0000:00:01.0: Activating ISA DMA hang workarounds
Sep  1 05:33:53 zenti kernel: [    0.312513] PCI: CLS 0 bytes, default 64
Sep  1 05:33:53 zenti kernel: [    0.312700] Trying to unpack rootfs image as initramfs...
Sep  1 05:33:53 zenti kernel: [    0.578604] clocksource: tsc: mask: 0xffffffffffffffff max_cycles: 0x1128c1d87f0, max_idle_ns: 440795263545 ns
Sep  1 05:33:53 zenti kernel: [    0.579266] clocksource: Switched to clocksource tsc
Sep  1 05:33:53 zenti kernel: [    0.579519] platform rtc_cmos: registered platform RTC device (no PNP device found)
Sep  1 05:33:53 zenti kernel: [    0.580172] Initialise system trusted keyrings
Sep  1 05:33:53 zenti kernel: [    0.580364] Key type blacklist registered
Sep  1 05:33:53 zenti kernel: [    0.580585] workingset: timestamp_bits=36 max_order=19 bucket_order=0
Sep  1 05:33:53 zenti kernel: [    0.581912] zbud: loaded
Sep  1 05:33:53 zenti kernel: [    0.582231] squashfs: version 4.0 (2009/01/31) Phillip Lougher
Sep  1 05:33:53 zenti kernel: [    0.582602] fuse: init (API version 7.34)
Sep  1 05:33:53 zenti kernel: [    0.583037] integrity: Platform Keyring initialized
Sep  1 05:33:53 zenti kernel: [    0.591981] Key type asymmetric registered
Sep  1 05:33:53 zenti kernel: [    0.592172] Asymmetric key parser 'x509' registered
Sep  1 05:33:53 zenti kernel: [    0.592386] Block layer SCSI generic (bsg) driver version 0.4 loaded (major 243)
Sep  1 05:33:53 zenti kernel: [    0.592766] io scheduler mq-deadline registered
Sep  1 05:33:53 zenti kernel: [    0.593213] shpchp: Standard Hot Plug PCI Controller Driver version: 0.4
Sep  1 05:33:53 zenti kernel: [    0.593601] ACPI: AC: AC Adapter [AC] (on-line)
Sep  1 05:33:53 zenti kernel: [    0.593816] input: Power Button as /devices/LNXSYSTM:00/LNXPWRBN:00/input/input0
Sep  1 05:33:53 zenti kernel: [    0.594350] ACPI: button: Power Button [PWRF]
Sep  1 05:33:53 zenti kernel: [    0.594577] input: Sleep Button as /devices/LNXSYSTM:00/LNXSLPBN:00/input/input1
Sep  1 05:33:53 zenti kernel: [    0.594870] ACPI: button: Sleep Button [SLPF]
Sep  1 05:33:53 zenti kernel: [    0.595930] ACPI: battery: Slot [BAT0] (battery present)
Sep  1 05:33:53 zenti kernel: [    0.596239] Serial: 8250/16550 driver, 32 ports, IRQ sharing enabled
Sep  1 05:33:53 zenti kernel: [    0.597439] Linux agpgart interface v0.103
Sep  1 05:33:53 zenti kernel: [    0.599049] loop: module loaded
Sep  1 05:33:53 zenti kernel: [    0.599319] ata_piix 0000:00:01.1: version 2.13
Sep  1 05:33:53 zenti kernel: [    0.599678] scsi host0: ata_piix
Sep  1 05:33:53 zenti kernel: [    0.600043] scsi host1: ata_piix
Sep  1 05:33:53 zenti kernel: [    0.600216] ata1: PATA max UDMA/33 cmd 0x1f0 ctl 0x3f6 bmdma 0xd000 irq 14
Sep  1 05:33:53 zenti kernel: [    0.600474] ata2: PATA max UDMA/33 cmd 0x170 ctl 0x376 bmdma 0xd008 irq 15
Sep  1 05:33:53 zenti kernel: [    0.600944] tun: Universal TUN/TAP device driver, 1.6
Sep  1 05:33:53 zenti kernel: [    0.601450] PPP generic driver version 2.4.2
Sep  1 05:33:53 zenti kernel: [    0.601718] VFIO - User Level meta-driver version: 0.3
Sep  1 05:33:53 zenti kernel: [    0.602532] ehci_hcd: USB 2.0 'Enhanced' Host Controller (EHCI) Driver
Sep  1 05:33:53 zenti kernel: [    0.603799] ehci-pci: EHCI PCI platform driver
Sep  1 05:33:53 zenti kernel: [    0.604894] ehci-pci 0000:00:0b.0: EHCI Host Controller
Sep  1 05:33:53 zenti kernel: [    0.605312] ehci-pci 0000:00:0b.0: new USB bus registered, assigned bus number 1
Sep  1 05:33:53 zenti kernel: [    0.606034] ehci-pci 0000:00:0b.0: irq 19, io mem 0xf0805000
Sep  1 05:33:53 zenti kernel: [    0.621234] ehci-pci 0000:00:0b.0: USB 2.0 started, EHCI 1.00
Sep  1 05:33:53 zenti kernel: [    0.621839] usb usb1: New USB device found, idVendor=1d6b, idProduct=0002, bcdDevice= 5.15
Sep  1 05:33:53 zenti kernel: [    0.622589] usb usb1: New USB device strings: Mfr=3, Product=2, SerialNumber=1
Sep  1 05:33:53 zenti kernel: [    0.623117] usb usb1: Product: EHCI Host Controller
Sep  1 05:33:53 zenti kernel: [    0.623412] usb usb1: Manufacturer: Linux 5.15.0-113-generic ehci_hcd
Sep  1 05:33:53 zenti kernel: [    0.623778] usb usb1: SerialNumber: 0000:00:0b.0
Sep  1 05:33:53 zenti kernel: [    0.624216] hub 1-0:1.0: USB hub found
Sep  1 05:33:53 zenti kernel: [    0.624489] hub 1-0:1.0: 12 ports detected
Sep  1 05:33:53 zenti kernel: [    0.625054] ehci-platform: EHCI generic platform driver
Sep  1 05:33:53 zenti kernel: [    0.625398] ohci_hcd: USB 1.1 'Open' Host Controller (OHCI) Driver
Sep  1 05:33:53 zenti kernel: [    0.625753] ohci-pci: OHCI PCI platform driver
Sep  1 05:33:53 zenti kernel: [    0.626779] ohci-pci 0000:00:06.0: OHCI PCI host controller
Sep  1 05:33:53 zenti kernel: [    0.627112] ohci-pci 0000:00:06.0: new USB bus registered, assigned bus number 2
Sep  1 05:33:53 zenti kernel: [    0.627645] ohci-pci 0000:00:06.0: irq 22, io mem 0xf0804000
Sep  1 05:33:53 zenti kernel: [    0.685762] usb usb2: New USB device found, idVendor=1d6b, idProduct=0001, bcdDevice= 5.15
Sep  1 05:33:53 zenti kernel: [    0.686266] usb usb2: New USB device strings: Mfr=3, Product=2, SerialNumber=1
Sep  1 05:33:53 zenti kernel: [    0.686725] usb usb2: Product: OHCI PCI host controller
Sep  1 05:33:53 zenti kernel: [    0.687038] usb usb2: Manufacturer: Linux 5.15.0-113-generic ohci_hcd
Sep  1 05:33:53 zenti kernel: [    0.687388] usb usb2: SerialNumber: 0000:00:06.0
Sep  1 05:33:53 zenti kernel: [    0.687797] hub 2-0:1.0: USB hub found
Sep  1 05:33:53 zenti kernel: [    0.688073] hub 2-0:1.0: 12 ports detected
Sep  1 05:33:53 zenti kernel: [    0.688986] ohci-platform: OHCI generic platform driver
Sep  1 05:33:53 zenti kernel: [    0.689322] uhci_hcd: USB Universal Host Controller Interface driver
Sep  1 05:33:53 zenti kernel: [    0.689738] i8042: PNP: PS/2 Controller [PNP0303:PS2K,PNP0f03:PS2M] at 0x60,0x64 irq 1,12
Sep  1 05:33:53 zenti kernel: [    0.690766] serio: i8042 KBD port at 0x60,0x64 irq 1
Sep  1 05:33:53 zenti kernel: [    0.691076] serio: i8042 AUX port at 0x60,0x64 irq 12
Sep  1 05:33:53 zenti kernel: [    0.691505] mousedev: PS/2 mouse device common for all mice
Sep  1 05:33:53 zenti kernel: [    0.692256] input: AT Translated Set 2 keyboard as /devices/platform/i8042/serio0/input/input2
Sep  1 05:33:53 zenti kernel: [    0.693251] rtc_cmos rtc_cmos: registered as rtc0
Sep  1 05:33:53 zenti kernel: [    0.693750] rtc_cmos rtc_cmos: setting system clock to 2024-09-01T05:33:49 UTC (1725168829)
Sep  1 05:33:53 zenti kernel: [    0.694315] rtc_cmos rtc_cmos: alarms up to one day, 114 bytes nvram
Sep  1 05:33:53 zenti kernel: [    0.694674] i2c_dev: i2c /dev entries driver
Sep  1 05:33:53 zenti kernel: [    0.694984] device-mapper: core: CONFIG_IMA_DISABLE_HTABLE is disabled. Duplicate IMA measurements will not be recorded in the IMA log.
Sep  1 05:33:53 zenti kernel: [    0.695646] device-mapper: uevent: version 1.0.3
Sep  1 05:33:53 zenti kernel: [    0.695992] device-mapper: ioctl: 4.45.0-ioctl (2021-03-22) initialised: dm-devel@redhat.com
Sep  1 05:33:53 zenti kernel: [    0.696513] platform eisa.0: Probing EISA bus 0
Sep  1 05:33:53 zenti kernel: [    0.696797] platform eisa.0: EISA: Cannot allocate resource for mainboard
Sep  1 05:33:53 zenti kernel: [    0.697171] platform eisa.0: Cannot allocate resource for EISA slot 1
Sep  1 05:33:53 zenti kernel: [    0.697523] platform eisa.0: Cannot allocate resource for EISA slot 2
Sep  1 05:33:53 zenti kernel: [    0.697879] platform eisa.0: Cannot allocate resource for EISA slot 3
Sep  1 05:33:53 zenti kernel: [    0.698251] platform eisa.0: Cannot allocate resource for EISA slot 4
Sep  1 05:33:53 zenti kernel: [    0.698783] platform eisa.0: Cannot allocate resource for EISA slot 5
Sep  1 05:33:53 zenti kernel: [    0.699132] platform eisa.0: Cannot allocate resource for EISA slot 6
Sep  1 05:33:53 zenti kernel: [    0.699485] platform eisa.0: Cannot allocate resource for EISA slot 7
Sep  1 05:33:53 zenti kernel: [    0.699840] platform eisa.0: Cannot allocate resource for EISA slot 8
Sep  1 05:33:53 zenti kernel: [    0.700191] platform eisa.0: EISA: Detected 0 cards
Sep  1 05:33:53 zenti kernel: [    0.700487] intel_pstate: CPU model not supported
Sep  1 05:33:53 zenti kernel: [    0.701425] ledtrig-cpu: registered to indicate activity on CPUs
Sep  1 05:33:53 zenti kernel: [    0.701938] drop_monitor: Initializing network drop monitor service
Sep  1 05:33:53 zenti kernel: [    0.702467] NET: Registered PF_INET6 protocol family
Sep  1 05:33:53 zenti kernel: [    0.768816] ata2.00: ATAPI: VBOX CD-ROM, 1.0, max UDMA/133
Sep  1 05:33:53 zenti kernel: [    0.769707] scsi 1:0:0:0: CD-ROM            VBOX     CD-ROM           1.0  PQ: 0 ANSI: 5
Sep  1 05:33:53 zenti kernel: [    0.770533] sr 1:0:0:0: [sr0] scsi3-mmc drive: 32x/32x xa/form2 tray
Sep  1 05:33:53 zenti kernel: [    0.770762] cdrom: Uniform CD-ROM driver Revision: 3.20
Sep  1 05:33:53 zenti kernel: [    0.772432] sr 1:0:0:0: Attached scsi CD-ROM sr0
Sep  1 05:33:53 zenti kernel: [    0.772581] sr 1:0:0:0: Attached scsi generic sg0 type 5
Sep  1 05:33:53 zenti kernel: [    0.862645] Freeing initrd memory: 108116K
Sep  1 05:33:53 zenti kernel: [    0.869693] Segment Routing with IPv6
Sep  1 05:33:53 zenti kernel: [    0.869878] In-situ OAM (IOAM) with IPv6
Sep  1 05:33:53 zenti kernel: [    0.870068] NET: Registered PF_PACKET protocol family
Sep  1 05:33:53 zenti kernel: [    0.870417] Key type dns_resolver registered
Sep  1 05:33:53 zenti kernel: [    0.870867] IPI shorthand broadcast: enabled
Sep  1 05:33:53 zenti kernel: [    0.871057] sched_clock: Marking stable (841780336, 29021574)->(881118050, -10316140)
Sep  1 05:33:53 zenti kernel: [    0.871500] registered taskstats version 1
Sep  1 05:33:53 zenti kernel: [    0.871862] Loading compiled-in X.509 certificates
Sep  1 05:33:53 zenti kernel: [    0.872599] Loaded X.509 cert 'Build time autogenerated kernel key: 385507740c8b7f78c0c9158cc40420d3a55ea602'
Sep  1 05:33:53 zenti kernel: [    0.873428] Loaded X.509 cert 'Canonical Ltd. Live Patch Signing: 14df34d1a87cf37625abec039ef2bf521249b969'
Sep  1 05:33:53 zenti kernel: [    0.874224] Loaded X.509 cert 'Canonical Ltd. Kernel Module Signing: 88f752e560a1e0737e31163a466ad7b70a850c19'
Sep  1 05:33:53 zenti kernel: [    0.874566] blacklist: Loading compiled-in revocation X.509 certificates
Sep  1 05:33:53 zenti kernel: [    0.874807] Loaded X.509 cert 'Canonical Ltd. Secure Boot Signing: 61482aa2830d0ab2ad5af10b7250da9033ddcef0'
Sep  1 05:33:53 zenti kernel: [    0.875166] Loaded X.509 cert 'Canonical Ltd. Secure Boot Signing (2017): 242ade75ac4a15e50d50c84b0d45ff3eae707a03'
Sep  1 05:33:53 zenti kernel: [    0.875528] Loaded X.509 cert 'Canonical Ltd. Secure Boot Signing (ESM 2018): 365188c1d374d6b07c3c8f240f8ef722433d6a8b'
Sep  1 05:33:53 zenti kernel: [    0.875900] Loaded X.509 cert 'Canonical Ltd. Secure Boot Signing (2019): c0746fd6c5da3ae827864651ad66ae47fe24b3e8'
Sep  1 05:33:53 zenti kernel: [    0.876264] Loaded X.509 cert 'Canonical Ltd. Secure Boot Signing (2021 v1): a8d54bbb3825cfb94fa13c9f8a594a195c107b8d'
Sep  1 05:33:53 zenti kernel: [    0.876631] Loaded X.509 cert 'Canonical Ltd. Secure Boot Signing (2021 v2): 4cf046892d6fd3c9a5b03f98d845f90851dc6a8c'
Sep  1 05:33:53 zenti kernel: [    0.877001] Loaded X.509 cert 'Canonical Ltd. Secure Boot Signing (2021 v3): 100437bb6de6e469b581e61cd66bce3ef4ed53af'
Sep  1 05:33:53 zenti kernel: [    0.877404] Loaded X.509 cert 'Canonical Ltd. Secure Boot Signing (Ubuntu Core 2019): c1d57b8f6b743f23ee41f4f7ee292f06eecadfb9'
Sep  1 05:33:53 zenti kernel: [    0.877869] zswap: loaded using pool lzo/zbud
Sep  1 05:33:53 zenti kernel: [    0.878369] Key type .fscrypt registered
Sep  1 05:33:53 zenti kernel: [    0.878557] Key type fscrypt-provisioning registered
Sep  1 05:33:53 zenti kernel: [    0.881458] Key type encrypted registered
Sep  1 05:33:53 zenti kernel: [    0.881653] AppArmor: AppArmor sha1 policy hashing enabled
Sep  1 05:33:53 zenti kernel: [    0.881861] ima: No TPM chip found, activating TPM-bypass!
Sep  1 05:33:53 zenti kernel: [    0.882068] Loading compiled-in module X.509 certificates
Sep  1 05:33:53 zenti kernel: [    0.882744] Loaded X.509 cert 'Build time autogenerated kernel key: 385507740c8b7f78c0c9158cc40420d3a55ea602'
Sep  1 05:33:53 zenti kernel: [    0.883115] ima: Allocated hash algorithm: sha1
Sep  1 05:33:53 zenti kernel: [    0.883285] ima: No architecture policies found
Sep  1 05:33:53 zenti kernel: [    0.883459] evm: Initialising EVM extended attributes:
Sep  1 05:33:53 zenti kernel: [    0.883636] evm: security.selinux
Sep  1 05:33:53 zenti kernel: [    0.883832] evm: security.SMACK64
Sep  1 05:33:53 zenti kernel: [    0.884021] evm: security.SMACK64EXEC
Sep  1 05:33:53 zenti kernel: [    0.884246] evm: security.SMACK64TRANSMUTE
Sep  1 05:33:53 zenti kernel: [    0.884433] evm: security.SMACK64MMAP
Sep  1 05:33:53 zenti kernel: [    0.884604] evm: security.apparmor
Sep  1 05:33:53 zenti kernel: [    0.884768] evm: security.ima
Sep  1 05:33:53 zenti kernel: [    0.884949] evm: security.capability
Sep  1 05:33:53 zenti kernel: [    0.885481] evm: HMAC attrs: 0x1
Sep  1 05:33:53 zenti kernel: [    0.885997] PM:   Magic number: 8:649:566
Sep  1 05:33:53 zenti kernel: [    0.886575] RAS: Correctable Errors collector initialized.
Sep  1 05:33:53 zenti kernel: [    0.887807] Freeing unused decrypted memory: 2036K
Sep  1 05:33:53 zenti kernel: [    0.888482] Freeing unused kernel image (initmem) memory: 3368K
Sep  1 05:33:53 zenti kernel: [    0.888783] Write protecting the kernel read-only data: 30720k
Sep  1 05:33:53 zenti kernel: [    0.889526] Freeing unused kernel image (text/rodata gap) memory: 2036K
Sep  1 05:33:53 zenti kernel: [    0.889962] Freeing unused kernel image (rodata/data gap) memory: 1336K
Sep  1 05:33:53 zenti kernel: [    0.934150] x86/mm: Checked W+X mappings: passed, no W+X pages found.
Sep  1 05:33:53 zenti kernel: [    0.934436] x86/mm: Checking user space page tables
Sep  1 05:33:53 zenti kernel: [    0.976033] x86/mm: Checked W+X mappings: passed, no W+X pages found.
Sep  1 05:33:53 zenti kernel: [    0.976252] Run /init as init process
Sep  1 05:33:53 zenti kernel: [    0.976396]   with arguments:
Sep  1 05:33:53 zenti kernel: [    0.976398]     /init
Sep  1 05:33:53 zenti kernel: [    0.976398]   with environment:
Sep  1 05:33:53 zenti kernel: [    0.976399]     HOME=/
Sep  1 05:33:53 zenti kernel: [    0.976400]     TERM=linux
Sep  1 05:33:53 zenti kernel: [    0.976400]     BOOT_IMAGE=/vmlinuz-5.15.0-113-generic
Sep  1 05:33:53 zenti kernel: [    0.976401]     biosdevname=0
Sep  1 05:33:53 zenti kernel: [    1.061858] ACPI: video: Video Device [GFX0] (multi-head: yes  rom: no  post: no)
Sep  1 05:33:53 zenti kernel: [    1.061857] piix4_smbus 0000:00:07.0: SMBus Host Controller at 0x4100, revision 0
Sep  1 05:33:53 zenti kernel: [    1.061940] input: Video Bus as /devices/LNXSYSTM:00/LNXSYBUS:00/PNP0A03:00/LNXVIDEO:00/input/input4
Sep  1 05:33:53 zenti kernel: [    1.063110] ahci 0000:00:0d.0: version 3.0
Sep  1 05:33:53 zenti kernel: [    1.066424] e1000: Intel(R) PRO/1000 Network Driver
Sep  1 05:33:53 zenti kernel: [    1.066697] e1000: Copyright (c) 1999-2006 Intel Corporation.
Sep  1 05:33:53 zenti kernel: [    1.067996] ahci 0000:00:0d.0: SSS flag set, parallel bus scan disabled
Sep  1 05:33:53 zenti kernel: [    1.068426] ahci 0000:00:0d.0: AHCI 0001.0100 32 slots 1 ports 3 Gbps 0x1 impl SATA mode
Sep  1 05:33:53 zenti kernel: [    1.068795] ahci 0000:00:0d.0: flags: 64bit ncq stag only ccc 
Sep  1 05:33:53 zenti kernel: [    1.071395] scsi host2: ahci
Sep  1 05:33:53 zenti kernel: [    1.072636] ata3: SATA max UDMA/133 abar m8192@0xf0806000 port 0xf0806100 irq 21
Sep  1 05:33:53 zenti kernel: [    1.086679] cryptd: max_cpu_qlen set to 1000
Sep  1 05:33:53 zenti kernel: [    1.145109] usb 2-1: new full-speed USB device number 2 using ohci-pci
Sep  1 05:33:53 zenti kernel: [    1.279334] input: ImExPS/2 Generic Explorer Mouse as /devices/platform/i8042/serio1/input/input5
Sep  1 05:33:53 zenti kernel: [    1.386451] ata3: SATA link up 3.0 Gbps (SStatus 123 SControl 300)
Sep  1 05:33:53 zenti kernel: [    1.387070] ata3.00: ATA-6: VBOX HARDDISK, 1.0, max UDMA/133
Sep  1 05:33:53 zenti kernel: [    1.387328] ata3.00: 41943040 sectors, multi 128: LBA48 NCQ (depth 32)
Sep  1 05:33:53 zenti kernel: [    1.387810] ata3.00: configured for UDMA/133
Sep  1 05:33:53 zenti kernel: [    1.388106] scsi 2:0:0:0: Direct-Access     ATA      VBOX HARDDISK    1.0  PQ: 0 ANSI: 5
Sep  1 05:33:53 zenti kernel: [    1.388696] sd 2:0:0:0: [sda] 41943040 512-byte logical blocks: (21.5 GB/20.0 GiB)
Sep  1 05:33:53 zenti kernel: [    1.389020] sd 2:0:0:0: [sda] Write Protect is off
Sep  1 05:33:53 zenti kernel: [    1.389246] sd 2:0:0:0: [sda] Mode Sense: 00 3a 00 00
Sep  1 05:33:53 zenti kernel: [    1.389255] sd 2:0:0:0: [sda] Write cache: enabled, read cache: enabled, doesn't support DPO or FUA
Sep  1 05:33:53 zenti kernel: [    1.389606] sd 2:0:0:0: Attached scsi generic sg1 type 0
Sep  1 05:33:53 zenti kernel: [    1.392022]  sda: sda1 sda2 sda3
Sep  1 05:33:53 zenti kernel: [    1.392523] sd 2:0:0:0: [sda] Attached SCSI disk
Sep  1 05:33:53 zenti kernel: [    1.396722] AVX2 version of gcm_enc/dec engaged.
Sep  1 05:33:53 zenti kernel: [    1.397040] AES CTR mode by8 optimization enabled
Sep  1 05:33:53 zenti kernel: [    1.422055] vmwgfx 0000:00:02.0: vgaarb: deactivate vga console
Sep  1 05:33:53 zenti kernel: [    1.423013] Console: switching to colour dummy device 80x25
Sep  1 05:33:53 zenti kernel: [    1.423653] [TTM] Zone  kernel: Available graphics memory: 1005324 KiB
Sep  1 05:33:53 zenti kernel: [    1.423686] vmwgfx 0000:00:02.0: [drm] FIFO at 0x00000000f0000000 size is 2048 kiB
Sep  1 05:33:53 zenti kernel: [    1.423697] vmwgfx 0000:00:02.0: [drm] VRAM at 0x00000000e0000000 size is 16384 kiB
Sep  1 05:33:53 zenti kernel: [    1.423705] vmwgfx 0000:00:02.0: [drm] Running on SVGA version 2.
Sep  1 05:33:53 zenti kernel: [    1.423710] vmwgfx 0000:00:02.0: [drm] DMA map mode: Caching DMA mappings.
Sep  1 05:33:53 zenti kernel: [    1.423738] vmwgfx 0000:00:02.0: [drm] Legacy memory limits: VRAM = 16384 kB, FIFO = 2048 kB, surface = 507904 kB
Sep  1 05:33:53 zenti kernel: [    1.423741] vmwgfx 0000:00:02.0: [drm] MOB limits: max mob size = 0 kB, max mob pages = 0
Sep  1 05:33:53 zenti kernel: [    1.423745] vmwgfx 0000:00:02.0: [drm] Capabilities: rect copy, cursor, cursor bypass, cursor bypass 2, alpha cursor, extended fifo, pitchlock, irq mask, gmr, traces, gmr2, screen object 2, command buffers, 
Sep  1 05:33:53 zenti kernel: [    1.423749] vmwgfx 0000:00:02.0: [drm] Max GMR ids is 8192
Sep  1 05:33:53 zenti kernel: [    1.423751] vmwgfx 0000:00:02.0: [drm] Max number of GMR pages is 1048576
Sep  1 05:33:53 zenti kernel: [    1.423753] vmwgfx 0000:00:02.0: [drm] Maximum display memory size is 16384 kiB
Sep  1 05:33:53 zenti kernel: [    1.424083] vmwgfx 0000:00:02.0: [drm] Screen Object display unit initialized
Sep  1 05:33:53 zenti kernel: [    1.424426] vmwgfx 0000:00:02.0: [drm] Fifo max 0x00200000 min 0x00001000 cap 0x00000355
Sep  1 05:33:53 zenti kernel: [    1.424548] vmwgfx 0000:00:02.0: [drm] Using command buffers with DMA pool.
Sep  1 05:33:53 zenti kernel: [    1.424559] vmwgfx 0000:00:02.0: [drm] Available shader model: Legacy.
Sep  1 05:33:53 zenti kernel: [    1.424565] [drm:vmw_host_printf [vmwgfx]] *ERROR* Failed to send host log message.
Sep  1 05:33:53 zenti kernel: [    1.426042] fbcon: svgadrmfb (fb0) is primary device
Sep  1 05:33:53 zenti kernel: [    1.426592] Console: switching to colour frame buffer device 100x37
Sep  1 05:33:53 zenti kernel: [    1.428036] [drm] Initialized vmwgfx 2.19.0 20210722 for 0000:00:02.0 on minor 0
Sep  1 05:33:53 zenti kernel: [    1.453443] e1000 0000:00:03.0 eth0: (PCI:33MHz:32-bit) 08:00:27:74:9a:49
Sep  1 05:33:53 zenti kernel: [    1.453479] e1000 0000:00:03.0 eth0: Intel(R) PRO/1000 Network Connection
Sep  1 05:33:53 zenti kernel: [    1.463072] usb 2-1: New USB device found, idVendor=80ee, idProduct=0021, bcdDevice= 1.00
Sep  1 05:33:53 zenti kernel: [    1.463097] usb 2-1: New USB device strings: Mfr=1, Product=3, SerialNumber=0
Sep  1 05:33:53 zenti kernel: [    1.463113] usb 2-1: Product: USB Tablet
Sep  1 05:33:53 zenti kernel: [    1.463123] usb 2-1: Manufacturer: VirtualBox
Sep  1 05:33:53 zenti kernel: [    1.470523] hid: raw HID events driver (C) Jiri Kosina
Sep  1 05:33:53 zenti kernel: [    1.480280] usbcore: registered new interface driver usbhid
Sep  1 05:33:53 zenti kernel: [    1.480315] usbhid: USB HID core driver
Sep  1 05:33:53 zenti kernel: [    1.487097] input: VirtualBox USB Tablet as /devices/pci0000:00/0000:00:06.0/usb2/2-1/2-1:1.0/0003:80EE:0021.0001/input/input6
Sep  1 05:33:53 zenti kernel: [    1.488845] hid-generic 0003:80EE:0021.0001: input,hidraw0: USB HID v1.10 Mouse [VirtualBox USB Tablet] on usb-0000:00:06.0-1/input0
Sep  1 05:33:53 zenti kernel: [    1.869122] raid6: avx2x4   gen() 43261 MB/s
Sep  1 05:33:53 zenti kernel: [    1.937147] raid6: avx2x4   xor() 16321 MB/s
Sep  1 05:33:53 zenti kernel: [    2.005103] raid6: avx2x2   gen() 41195 MB/s
Sep  1 05:33:53 zenti kernel: [    2.073130] raid6: avx2x2   xor() 24636 MB/s
Sep  1 05:33:53 zenti kernel: [    2.141141] raid6: avx2x1   gen() 34776 MB/s
Sep  1 05:33:53 zenti kernel: [    2.209161] raid6: avx2x1   xor() 19515 MB/s
Sep  1 05:33:53 zenti kernel: [    2.277164] raid6: sse2x4   gen() 15791 MB/s
Sep  1 05:33:53 zenti kernel: [    2.345100] raid6: sse2x4   xor()  7355 MB/s
Sep  1 05:33:53 zenti kernel: [    2.413223] raid6: sse2x2   gen() 14060 MB/s
Sep  1 05:33:53 zenti kernel: [    2.481180] raid6: sse2x2   xor()  9231 MB/s
Sep  1 05:33:53 zenti kernel: [    2.549127] raid6: sse2x1   gen() 11723 MB/s
Sep  1 05:33:53 zenti kernel: [    2.617144] raid6: sse2x1   xor()  6865 MB/s
Sep  1 05:33:53 zenti kernel: [    2.617527] raid6: using algorithm avx2x4 gen() 43261 MB/s
Sep  1 05:33:53 zenti kernel: [    2.617809] raid6: .... xor() 16321 MB/s, rmw enabled
Sep  1 05:33:53 zenti kernel: [    2.618081] raid6: using avx2x2 recovery algorithm
Sep  1 05:33:53 zenti kernel: [    2.619929] xor: automatically using best checksumming function   avx       
Sep  1 05:33:53 zenti kernel: [    2.621123] async_tx: api initialized (async)
Sep  1 05:33:53 zenti kernel: [    2.738431] Btrfs loaded, crc32c=crc32c-intel, zoned=yes, fsverity=yes
Sep  1 05:33:53 zenti kernel: [    2.978372] EXT4-fs (dm-0): mounted filesystem with ordered data mode. Opts: (null). Quota mode: none.
Sep  1 05:33:53 zenti kernel: [    3.200270] systemd[1]: Inserted module 'autofs4'
Sep  1 05:33:53 zenti kernel: [    3.214517] systemd[1]: systemd 249.11-0ubuntu3.12 running in system mode (+PAM +AUDIT +SELINUX +APPARMOR +IMA +SMACK +SECCOMP +GCRYPT +GNUTLS +OPENSSL +ACL +BLKID +CURL +ELFUTILS +FIDO2 +IDN2 -IDN +IPTC +KMOD +LIBCRYPTSETUP +LIBFDISK +PCRE2 -PWQUALITY -P11KIT -QRENCODE +BZIP2 +LZ4 +XZ +ZLIB +ZSTD -XKBCOMMON +UTMP +SYSVINIT default-hierarchy=unified)
Sep  1 05:33:53 zenti kernel: [    3.216353] systemd[1]: Detected virtualization oracle.
Sep  1 05:33:53 zenti kernel: [    3.216786] systemd[1]: Detected architecture x86-64.
Sep  1 05:33:53 zenti kernel: [    3.220162] systemd[1]: Hostname set to <zenti>.
Sep  1 05:33:53 zenti kernel: [    3.373446] systemd[1]: Configuration file /run/systemd/system/netplan-ovs-cleanup.service is marked world-inaccessible. This has no effect as configuration data is accessible via APIs without restrictions. Proceeding anyway.
Sep  1 05:33:53 zenti kernel: [    3.449298] systemd[1]: Queued start job for default target Graphical Interface.
Sep  1 05:33:53 zenti kernel: [    3.450868] systemd[1]: Created slice Virtual Machine and Container Slice.
Sep  1 05:33:53 zenti kernel: [    3.452391] systemd[1]: Created slice Slice /system/modprobe.
Sep  1 05:33:53 zenti kernel: [    3.453678] systemd[1]: Created slice Slice /system/systemd-fsck.
Sep  1 05:33:53 zenti kernel: [    3.454822] systemd[1]: Created slice User and Session Slice.
Sep  1 05:33:53 zenti kernel: [    3.455791] systemd[1]: Started ntp-systemd-netif.path.
Sep  1 05:33:53 zenti kernel: [    3.456702] systemd[1]: Started Forward Password Requests to Wall Directory Watch.
Sep  1 05:33:53 zenti kernel: [    3.457774] systemd[1]: Set up automount Arbitrary Executable File Formats File System Automount Point.
Sep  1 05:33:53 zenti kernel: [    3.459135] systemd[1]: Reached target Slice Units.
Sep  1 05:33:53 zenti kernel: [    3.459918] systemd[1]: Reached target Mounting snaps.
Sep  1 05:33:53 zenti kernel: [    3.460705] systemd[1]: Reached target Swaps.
Sep  1 05:33:53 zenti kernel: [    3.461508] systemd[1]: Reached target System Time Set.
Sep  1 05:33:53 zenti kernel: [    3.462382] systemd[1]: Reached target Local Verity Protected Volumes.
Sep  1 05:33:53 zenti kernel: [    3.463130] systemd[1]: Reached target Libvirt guests shutdown.
Sep  1 05:33:53 zenti kernel: [    3.463933] systemd[1]: Listening on Device-mapper event daemon FIFOs.
Sep  1 05:33:53 zenti kernel: [    3.464824] systemd[1]: Listening on LVM2 poll daemon socket.
Sep  1 05:33:53 zenti kernel: [    3.465880] systemd[1]: Listening on multipathd control socket.
Sep  1 05:33:53 zenti kernel: [    3.466740] systemd[1]: Listening on Syslog Socket.
Sep  1 05:33:53 zenti kernel: [    3.467560] systemd[1]: Listening on fsck to fsckd communication Socket.
Sep  1 05:33:53 zenti kernel: [    3.468362] systemd[1]: Listening on initctl Compatibility Named Pipe.
Sep  1 05:33:53 zenti kernel: [    3.469427] systemd[1]: Listening on Journal Audit Socket.
Sep  1 05:33:53 zenti kernel: [    3.470253] systemd[1]: Listening on Journal Socket (/dev/log).
Sep  1 05:33:53 zenti kernel: [    3.471105] systemd[1]: Listening on Journal Socket.
Sep  1 05:33:53 zenti kernel: [    3.471974] systemd[1]: Listening on udev Control Socket.
Sep  1 05:33:53 zenti kernel: [    3.472786] systemd[1]: Listening on udev Kernel Socket.
Sep  1 05:33:53 zenti kernel: [    3.474247] systemd[1]: Mounting Huge Pages File System...
Sep  1 05:33:53 zenti kernel: [    3.475959] systemd[1]: Mounting POSIX Message Queue File System...
Sep  1 05:33:53 zenti kernel: [    3.477590] systemd[1]: Mounting Kernel Debug File System...
Sep  1 05:33:53 zenti kernel: [    3.479106] systemd[1]: Mounting Kernel Trace File System...
Sep  1 05:33:53 zenti kernel: [    3.481551] systemd[1]: Starting Journal Service...
Sep  1 05:33:53 zenti kernel: [    3.483809] systemd[1]: Starting Set the console keyboard layout...
Sep  1 05:33:53 zenti kernel: [    3.485657] systemd[1]: Starting Create List of Static Device Nodes...
Sep  1 05:33:53 zenti kernel: [    3.487217] systemd[1]: Starting Monitoring of LVM2 mirrors, snapshots etc. using dmeventd or progress polling...
Sep  1 05:33:53 zenti kernel: [    3.488986] systemd[1]: Condition check resulted in LXD - agent being skipped.
Sep  1 05:33:53 zenti kernel: [    3.490832] systemd[1]: Starting Load Kernel Module configfs...
Sep  1 05:33:53 zenti kernel: [    3.492613] systemd[1]: Starting Load Kernel Module drm...
Sep  1 05:33:53 zenti kernel: [    3.494490] systemd[1]: Starting Load Kernel Module efi_pstore...
Sep  1 05:33:53 zenti kernel: [    3.496416] systemd[1]: Starting Load Kernel Module fuse...
Sep  1 05:33:53 zenti kernel: [    3.497736] systemd[1]: Condition check resulted in File System Check on Root Device being skipped.
Sep  1 05:33:53 zenti kernel: [    3.501424] systemd[1]: Starting Load Kernel Modules...
Sep  1 05:33:53 zenti kernel: [    3.503539] systemd[1]: Starting Remount Root and Kernel File Systems...
Sep  1 05:33:53 zenti kernel: [    3.507610] systemd[1]: Starting Coldplug All udev Devices...
Sep  1 05:33:53 zenti kernel: [    3.512399] systemd[1]: Mounted Huge Pages File System.
Sep  1 05:33:53 zenti kernel: [    3.513569] systemd[1]: Mounted POSIX Message Queue File System.
Sep  1 05:33:53 zenti kernel: [    3.514837] systemd[1]: Mounted Kernel Debug File System.
Sep  1 05:33:53 zenti kernel: [    3.516491] systemd[1]: Mounted Kernel Trace File System.
Sep  1 05:33:53 zenti kernel: [    3.517809] EXT4-fs (dm-0): re-mounted. Opts: usrquota,grpquota,acl. Quota mode: writeback.
Sep  1 05:33:53 zenti kernel: [    3.518578] systemd[1]: Finished Create List of Static Device Nodes.
Sep  1 05:33:53 zenti kernel: [    3.520384] systemd[1]: modprobe@configfs.service: Deactivated successfully.
Sep  1 05:33:53 zenti kernel: [    3.521522] systemd[1]: Finished Load Kernel Module configfs.
Sep  1 05:33:53 zenti kernel: [    3.522824] systemd[1]: modprobe@drm.service: Deactivated successfully.
Sep  1 05:33:53 zenti kernel: [    3.524002] systemd[1]: Finished Load Kernel Module drm.
Sep  1 05:33:53 zenti kernel: [    3.525296] systemd[1]: modprobe@efi_pstore.service: Deactivated successfully.
Sep  1 05:33:53 zenti kernel: [    3.525930] systemd[1]: Finished Load Kernel Module efi_pstore.
Sep  1 05:33:53 zenti kernel: [    3.526959] systemd[1]: modprobe@fuse.service: Deactivated successfully.
Sep  1 05:33:53 zenti kernel: [    3.527504] systemd[1]: Finished Load Kernel Module fuse.
Sep  1 05:33:53 zenti kernel: [    3.528645] systemd[1]: Finished Load Kernel Modules.
Sep  1 05:33:53 zenti kernel: [    3.529780] systemd[1]: Finished Remount Root and Kernel File Systems.
Sep  1 05:33:53 zenti kernel: [    3.553463] systemd[1]: Started Journal Service.
Sep  1 05:33:53 zenti kernel: [    3.567648] systemd-journald[403]: Received client request to flush runtime journal.
Sep  1 05:33:53 zenti kernel: [    3.576612] alua: device handler registered
Sep  1 05:33:53 zenti kernel: [    3.580404] emc: device handler registered
Sep  1 05:33:53 zenti kernel: [    3.586273] rdac: device handler registered
Sep  1 05:33:53 zenti kernel: [    3.586992] systemd-journald[403]: File /var/log/journal/c051fc8067074bbcae92d472c320cc84/system.journal corrupted or uncleanly shut down, renaming and replacing.
Sep  1 05:33:53 zenti kernel: [    3.677343] loop0: detected capacity change from 0 to 130960
Sep  1 05:33:53 zenti kernel: [    3.677830] loop1: detected capacity change from 0 to 130888
Sep  1 05:33:53 zenti kernel: [    3.680079] loop2: detected capacity change from 0 to 178240
Sep  1 05:33:53 zenti kernel: [    3.683655] loop3: detected capacity change from 0 to 178256
Sep  1 05:33:53 zenti kernel: [    3.686477] loop4: detected capacity change from 0 to 82800
Sep  1 05:33:53 zenti kernel: [    3.693089] loop5: detected capacity change from 0 to 79520
Sep  1 05:33:53 zenti kernel: [    3.751566] audit: type=1400 audit(1725168832.552:2): apparmor="STATUS" operation="profile_load" profile="unconfined" name="snap-update-ns.lxd" pid=471 comm="apparmor_parser"
